<html>
<body>
<pre>
<h1>µVision Build Log</h1>
<h2>Tool Versions:</h2>
IDE-Version: ¦ÌVision V5.27.1.0
Copyright (C) 2019 ARM Ltd and ARM Germany GmbH. All rights reserved.
License Information: chen longqiu, q, LIC=9WSKC-7KL9K-KPXZY-IN08Q-P91MC-BMGJE
 
Tool Versions:
Toolchain:       MDK-ARM Plus  Version: 5.27.1.0
Toolchain Path:  C:\Keil_v5\ARM\ARMCLANG\Bin
C Compiler:      ArmClang.exe V6.12
Assembler:       Armasm.exe V6.12
Linker/Locator:  ArmLink.exe V6.12
Library Manager: ArmAr.exe V6.12
Hex Converter:   FromElf.exe V6.12
CPU DLL:         
Dialog DLL:      
Target DLL:      STLink\ST-LINKIII-KEIL_SWO.dll V3.0.6.0
Dialog DLL:      TCM.DLL V1.36.1.0
 
<h2>Project:</h2>
C:\hqyj_project\lvgl_project\MDK-ARM\lvgl_project.uvprojx
Project File Date:  04/27/2025

<h2>Output:</h2>
*** Using Compiler 'V6.12', folder: 'C:\Keil_v5\ARM\ARMCLANG\Bin'
Rebuild target 'lvgl_project'
assembling startup_stm32u575xx.s...
compiling spi.c...
compiling stm32u5xx_it.c...
compiling icache.c...
compiling memorymap.c...
compiling gpio.c...
compiling stm32u5xx_hal_msp.c...
compiling main.c...
compiling stm32u5xx_hal_cortex.c...
compiling stm32u5xx_hal_i2c.c...
compiling stm32u5xx_hal.c...
compiling stm32u5xx_hal_i2c_ex.c...
compiling stm32u5xx_hal_flash.c...
compiling stm32u5xx_hal_gpio.c...
compiling stm32u5xx_hal_flash_ex.c...
compiling stm32u5xx_hal_rcc.c...
compiling stm32u5xx_hal_rcc_ex.c...
compiling stm32u5xx_hal_exti.c...
compiling stm32u5xx_hal_dma.c...
compiling stm32u5xx_hal_pwr.c...
compiling stm32u5xx_hal_gtzc.c...
compiling stm32u5xx_hal_icache.c...
compiling stm32u5xx_hal_pwr_ex.c...
compiling system_stm32u5xx.c...
compiling stm32u5xx_hal_spi_ex.c...
compiling stm32u5xx_hal_dma_ex.c...
compiling stm32u5xx_hal_spi.c...
linking...
Program Size: Code=9640 RO-data=808 RW-data=12 ZI-data=24828  
FromELF: creating hex file...
"lvgl_project\lvgl_project.axf" - 0 Error(s), 0 Warning(s).

<h2>Software Packages used:</h2>

Package Vendor: ARM
                http://www.keil.com/pack/ARM.CMSIS.5.5.1.pack
                ARM.CMSIS.5.5.1
                CMSIS (Cortex Microcontroller Software Interface Standard)
   * Component: CORE Version: 5.2.0

Package Vendor: Keil
                https://www.keil.com/pack/Keil.STM32U5xx_DFP.2.1.0.pack
                Keil.STM32U5xx_DFP.2.1.0
                STMicroelectronics STM32U5 Series Device Support

<h2>Collection of Component include folders:</h2>
  .\RTE\_lvgl_project
  C:\Users\80657\AppData\Local\Arm\Packs\ARM\CMSIS\5.5.1\CMSIS\Core\Include
  C:\Users\80657\AppData\Local\Arm\Packs\Keil\STM32U5xx_DFP\2.1.0\Drivers\CMSIS\Device\ST\STM32U5xx\Include

<h2>Collection of Component Files used:</h2>

   * Component: ARM::CMSIS:CORE:5.2.0
      Source file:   CMSIS\Core\Template\ARMv8-M\tz_context.c
      Include file:  CMSIS\Core\Include\tz_context.h
      Source file:   CMSIS\Core\Template\ARMv8-M\main_s.c
Build Time Elapsed:  00:00:09
</pre>
</body>
</html>
