Component: ARM Compiler 6.12 Tool: armlink [5d624300]

==============================================================================

Section Cross References

    startup_stm32u575xx.o(STACK) refers (Special) to heapauxi.o(.text) for __use_two_region_memory
    startup_stm32u575xx.o(HEAP) refers (Special) to heapauxi.o(.text) for __use_two_region_memory
    startup_stm32u575xx.o(RESET) refers (Special) to heapauxi.o(.text) for __use_two_region_memory
    startup_stm32u575xx.o(RESET) refers to startup_stm32u575xx.o(STACK) for __initial_sp
    startup_stm32u575xx.o(RESET) refers to startup_stm32u575xx.o(.text) for Reset_Handler
    startup_stm32u575xx.o(RESET) refers to stm32u5xx_it.o(.text.NMI_Handler) for NMI_Handler
    startup_stm32u575xx.o(RESET) refers to stm32u5xx_it.o(.text.HardFault_Handler) for HardFault_Handler
    startup_stm32u575xx.o(RESET) refers to stm32u5xx_it.o(.text.MemManage_Handler) for MemManage_Handler
    startup_stm32u575xx.o(RESET) refers to stm32u5xx_it.o(.text.BusFault_Handler) for BusFault_Handler
    startup_stm32u575xx.o(RESET) refers to stm32u5xx_it.o(.text.UsageFault_Handler) for UsageFault_Handler
    startup_stm32u575xx.o(RESET) refers to stm32u5xx_it.o(.text.SVC_Handler) for SVC_Handler
    startup_stm32u575xx.o(RESET) refers to stm32u5xx_it.o(.text.DebugMon_Handler) for DebugMon_Handler
    startup_stm32u575xx.o(RESET) refers to stm32u5xx_it.o(.text.PendSV_Handler) for PendSV_Handler
    startup_stm32u575xx.o(RESET) refers to stm32u5xx_it.o(.text.SysTick_Handler) for SysTick_Handler
    startup_stm32u575xx.o(.text) refers (Special) to heapauxi.o(.text) for __use_two_region_memory
    startup_stm32u575xx.o(.text) refers to system_stm32u5xx.o(.text.SystemInit) for SystemInit
    startup_stm32u575xx.o(.text) refers to __main.o(!!!main) for __main
    startup_stm32u575xx.o(.text) refers to startup_stm32u575xx.o(HEAP) for Heap_Mem
    startup_stm32u575xx.o(.text) refers to startup_stm32u575xx.o(STACK) for Stack_Mem
    main.o(.text.main) refers to stm32u5xx_hal.o(.text.HAL_Init) for HAL_Init
    main.o(.text.main) refers to rt_memclr_w.o(.text) for __aeabi_memclr4
    main.o(.text.main) refers to stm32u5xx_hal_pwr_ex.o(.text.HAL_PWREx_ControlVoltageScaling) for HAL_PWREx_ControlVoltageScaling
    main.o(.text.main) refers to stm32u5xx_hal_rcc.o(.text.HAL_RCC_OscConfig) for HAL_RCC_OscConfig
    main.o(.text.main) refers to stm32u5xx_hal_rcc.o(.text.HAL_RCC_ClockConfig) for HAL_RCC_ClockConfig
    main.o(.text.main) refers to gpio.o(.text.MX_GPIO_Init) for MX_GPIO_Init
    main.o(.text.main) refers to icache.o(.text.MX_ICACHE_Init) for MX_ICACHE_Init
    main.o(.text.main) refers to spi.o(.text.MX_SPI1_Init) for MX_SPI1_Init
    main.o(.text.main) refers to bsp_ili9341_4line.o(.text.ILI9341_Init) for ILI9341_Init
    main.o(.text.main) refers to bsp_ili9341_4line.o(.text.ILI9341_Clear) for ILI9341_Clear
    main.o(.ARM.exidx.text.main) refers to main.o(.text.main) for [Anonymous Symbol]
    main.o(.text.SystemClock_Config) refers to rt_memclr_w.o(.text) for __aeabi_memclr4
    main.o(.text.SystemClock_Config) refers to stm32u5xx_hal_pwr_ex.o(.text.HAL_PWREx_ControlVoltageScaling) for HAL_PWREx_ControlVoltageScaling
    main.o(.text.SystemClock_Config) refers to stm32u5xx_hal_rcc.o(.text.HAL_RCC_OscConfig) for HAL_RCC_OscConfig
    main.o(.text.SystemClock_Config) refers to stm32u5xx_hal_rcc.o(.text.HAL_RCC_ClockConfig) for HAL_RCC_ClockConfig
    main.o(.ARM.exidx.text.SystemClock_Config) refers to main.o(.text.SystemClock_Config) for [Anonymous Symbol]
    main.o(.ARM.exidx.text.Error_Handler) refers to main.o(.text.Error_Handler) for [Anonymous Symbol]
    gpio.o(.text.MX_GPIO_Init) refers to stm32u5xx_hal_gpio.o(.text.HAL_GPIO_WritePin) for HAL_GPIO_WritePin
    gpio.o(.text.MX_GPIO_Init) refers to stm32u5xx_hal_gpio.o(.text.HAL_GPIO_Init) for HAL_GPIO_Init
    gpio.o(.ARM.exidx.text.MX_GPIO_Init) refers to gpio.o(.text.MX_GPIO_Init) for [Anonymous Symbol]
    icache.o(.text.MX_ICACHE_Init) refers to stm32u5xx_hal_icache.o(.text.HAL_ICACHE_ConfigAssociativityMode) for HAL_ICACHE_ConfigAssociativityMode
    icache.o(.text.MX_ICACHE_Init) refers to main.o(.text.Error_Handler) for Error_Handler
    icache.o(.text.MX_ICACHE_Init) refers to stm32u5xx_hal_icache.o(.text.HAL_ICACHE_Enable) for HAL_ICACHE_Enable
    icache.o(.ARM.exidx.text.MX_ICACHE_Init) refers to icache.o(.text.MX_ICACHE_Init) for [Anonymous Symbol]
    spi.o(.text.MX_SPI1_Init) refers to spi.o(.bss.hspi1) for hspi1
    spi.o(.text.MX_SPI1_Init) refers to stm32u5xx_hal_spi.o(.text.HAL_SPI_Init) for HAL_SPI_Init
    spi.o(.text.MX_SPI1_Init) refers to main.o(.text.Error_Handler) for Error_Handler
    spi.o(.text.MX_SPI1_Init) refers to stm32u5xx_hal_spi_ex.o(.text.HAL_SPIEx_SetConfigAutonomousMode) for HAL_SPIEx_SetConfigAutonomousMode
    spi.o(.ARM.exidx.text.MX_SPI1_Init) refers to spi.o(.text.MX_SPI1_Init) for [Anonymous Symbol]
[...]
    Removing stm32u5xx_hal_pwr_ex.o(.text.HAL_PWREx_EnableVddIO2), (18 bytes).
    Removing stm32u5xx_hal_pwr_ex.o(.ARM.exidx.text.HAL_PWREx_EnableVddIO2), (8 bytes).
    Removing stm32u5xx_hal_pwr_ex.o(.text.HAL_PWREx_DisableVddIO2), (18 bytes).
    Removing stm32u5xx_hal_pwr_ex.o(.ARM.exidx.text.HAL_PWREx_DisableVddIO2), (8 bytes).
    Removing stm32u5xx_hal_pwr_ex.o(.text.HAL_PWREx_EnableVddA), (18 bytes).
    Removing stm32u5xx_hal_pwr_ex.o(.ARM.exidx.text.HAL_PWREx_EnableVddA), (8 bytes).
    Removing stm32u5xx_hal_pwr_ex.o(.text.HAL_PWREx_DisableVddA), (18 bytes).
    Removing stm32u5xx_hal_pwr_ex.o(.ARM.exidx.text.HAL_PWREx_DisableVddA), (8 bytes).
    Removing stm32u5xx_hal_pwr_ex.o(.text.HAL_PWREx_EnableUVM), (18 bytes).
    Removing stm32u5xx_hal_pwr_ex.o(.ARM.exidx.text.HAL_PWREx_EnableUVM), (8 bytes).
    Removing stm32u5xx_hal_pwr_ex.o(.text.HAL_PWREx_DisableUVM), (18 bytes).
    Removing stm32u5xx_hal_pwr_ex.o(.ARM.exidx.text.HAL_PWREx_DisableUVM), (8 bytes).
    Removing stm32u5xx_hal_pwr_ex.o(.text.HAL_PWREx_EnableIO2VM), (18 bytes).
    Removing stm32u5xx_hal_pwr_ex.o(.ARM.exidx.text.HAL_PWREx_EnableIO2VM), (8 bytes).
    Removing stm32u5xx_hal_pwr_ex.o(.text.HAL_PWREx_DisableIO2VM), (18 bytes).
    Removing stm32u5xx_hal_pwr_ex.o(.ARM.exidx.text.HAL_PWREx_DisableIO2VM), (8 bytes).
    Removing stm32u5xx_hal_pwr_ex.o(.text.HAL_PWREx_EnableAVM1), (18 bytes).
    Removing stm32u5xx_hal_pwr_ex.o(.ARM.exidx.text.HAL_PWREx_EnableAVM1), (8 bytes).
    Removing stm32u5xx_hal_pwr_ex.o(.text.HAL_PWREx_DisableAVM1), (18 bytes).
    Removing stm32u5xx_hal_pwr_ex.o(.ARM.exidx.text.HAL_PWREx_DisableAVM1), (8 bytes).
    Removing stm32u5xx_hal_pwr_ex.o(.text.HAL_PWREx_EnableAVM2), (18 bytes).
    Removing stm32u5xx_hal_pwr_ex.o(.ARM.exidx.text.HAL_PWREx_EnableAVM2), (8 bytes).
    Removing stm32u5xx_hal_pwr_ex.o(.text.HAL_PWREx_DisableAVM2), (18 bytes).
    Removing stm32u5xx_hal_pwr_ex.o(.ARM.exidx.text.HAL_PWREx_DisableAVM2), (8 bytes).
    Removing stm32u5xx_hal_pwr_ex.o(.text.HAL_PWREx_EnableMonitoring), (18 bytes).
    Removing stm32u5xx_hal_pwr_ex.o(.ARM.exidx.text.HAL_PWREx_EnableMonitoring), (8 bytes).
    Removing stm32u5xx_hal_pwr_ex.o(.text.HAL_PWREx_DisableMonitoring), (18 bytes).
    Removing stm32u5xx_hal_pwr_ex.o(.ARM.exidx.text.HAL_PWREx_DisableMonitoring), (8 bytes).
    Removing stm32u5xx_hal_pwr_ex.o(.text.HAL_PWREx_EnableUCPDStandbyMode), (18 bytes).
    Removing stm32u5xx_hal_pwr_ex.o(.ARM.exidx.text.HAL_PWREx_EnableUCPDStandbyMode), (8 bytes).
    Removing stm32u5xx_hal_pwr_ex.o(.text.HAL_PWREx_DisableUCPDStandbyMode), (18 bytes).
    Removing stm32u5xx_hal_pwr_ex.o(.ARM.exidx.text.HAL_PWREx_DisableUCPDStandbyMode), (8 bytes).
    Removing stm32u5xx_hal_pwr_ex.o(.text.HAL_PWREx_EnableUCPDDeadBattery), (18 bytes).
    Removing stm32u5xx_hal_pwr_ex.o(.ARM.exidx.text.HAL_PWREx_EnableUCPDDeadBattery), (8 bytes).
    Removing stm32u5xx_hal_pwr_ex.o(.text.HAL_PWREx_DisableUCPDDeadBattery), (18 bytes).
    Removing stm32u5xx_hal_pwr_ex.o(.ARM.exidx.text.HAL_PWREx_DisableUCPDDeadBattery), (8 bytes).
    Removing stm32u5xx_hal_pwr_ex.o(.text.HAL_PWREx_EnableBatteryCharging), (28 bytes).
    Removing stm32u5xx_hal_pwr_ex.o(.ARM.exidx.text.HAL_PWREx_EnableBatteryCharging), (8 bytes).
    Removing stm32u5xx_hal_pwr_ex.o(.text.HAL_PWREx_DisableBatteryCharging), (18 bytes).
    Removing stm32u5xx_hal_pwr_ex.o(.ARM.exidx.text.HAL_PWREx_DisableBatteryCharging), (8 bytes).
    Removing stm32u5xx_hal_pwr_ex.o(.text.HAL_PWREx_PVD_PVM_IRQHandler), (116 bytes).
    Removing stm32u5xx_hal_pwr_ex.o(.ARM.exidx.text.HAL_PWREx_PVD_PVM_IRQHandler), (8 bytes).
    Removing stm32u5xx_hal_pwr_ex.o(.text.HAL_PWREx_UVMCallback), (2 bytes).
    Removing stm32u5xx_hal_pwr_ex.o(.ARM.exidx.text.HAL_PWREx_UVMCallback), (8 bytes).
    Removing stm32u5xx_hal_pwr_ex.o(.text.HAL_PWREx_IO2VMCallback), (2 bytes).
    Removing stm32u5xx_hal_pwr_ex.o(.ARM.exidx.text.HAL_PWREx_IO2VMCallback), (8 bytes).
    Removing stm32u5xx_hal_pwr_ex.o(.text.HAL_PWREx_AVM1Callback), (2 bytes).
    Removing stm32u5xx_hal_pwr_ex.o(.ARM.exidx.text.HAL_PWREx_AVM1Callback), (8 bytes).
    Removing stm32u5xx_hal_pwr_ex.o(.text.HAL_PWREx_AVM2Callback), (2 bytes).
    Removing stm32u5xx_hal_pwr_ex.o(.ARM.exidx.text.HAL_PWREx_AVM2Callback), (8 bytes).
    Removing stm32u5xx_hal_pwr_ex.o(.text.HAL_PWREx_EnableSRAM2ContentStandbyRetention), (16 bytes).
    Removing stm32u5xx_hal_pwr_ex.o(.ARM.exidx.text.HAL_PWREx_EnableSRAM2ContentStandbyRetention), (8 bytes).
    Removing stm32u5xx_hal_pwr_ex.o(.text.HAL_PWREx_DisableSRAM2ContentStandbyRetention), (18 bytes).
    Removing stm32u5xx_hal_pwr_ex.o(.ARM.exidx.text.HAL_PWREx_DisableSRAM2ContentStandbyRetention), (8 bytes).
    Removing stm32u5xx_hal_pwr_ex.o(.text.HAL_PWREx_EnableRAMsContentStopRetention), (154 bytes).
    Removing stm32u5xx_hal_pwr_ex.o(.ARM.exidx.text.HAL_PWREx_EnableRAMsContentStopRetention), (8 bytes).
    Removing stm32u5xx_hal_pwr_ex.o(.text.HAL_PWREx_DisableRAMsContentStopRetention), (152 bytes).
    Removing stm32u5xx_hal_pwr_ex.o(.ARM.exidx.text.HAL_PWREx_DisableRAMsContentStopRetention), (8 bytes).
    Removing stm32u5xx_hal_pwr_ex.o(.text.HAL_PWREx_EnableRAMsContentRunRetention), (18 bytes).
    Removing stm32u5xx_hal_pwr_ex.o(.ARM.exidx.text.HAL_PWREx_EnableRAMsContentRunRetention), (8 bytes).
    Removing stm32u5xx_hal_pwr_ex.o(.text.HAL_PWREx_DisableRAMsContentRunRetention), (16 bytes).
    Removing stm32u5xx_hal_pwr_ex.o(.ARM.exidx.text.HAL_PWREx_DisableRAMsContentRunRetention), (8 bytes).
    Removing stm32u5xx_hal_pwr_ex.o(.text.HAL_PWREx_EnableBkupRAMRetention), (30 bytes).
    Removing stm32u5xx_hal_pwr_ex.o(.ARM.exidx.text.HAL_PWREx_EnableBkupRAMRetention), (8 bytes).
    Removing stm32u5xx_hal_pwr_ex.o(.text.HAL_PWREx_DisableBkupRAMRetention), (18 bytes).
    Removing stm32u5xx_hal_pwr_ex.o(.ARM.exidx.text.HAL_PWREx_DisableBkupRAMRetention), (8 bytes).
    Removing stm32u5xx_hal_pwr_ex.o(.text.HAL_PWREx_EnableFlashFastWakeUp), (18 bytes).
    Removing stm32u5xx_hal_pwr_ex.o(.ARM.exidx.text.HAL_PWREx_EnableFlashFastWakeUp), (8 bytes).
    Removing stm32u5xx_hal_pwr_ex.o(.text.HAL_PWREx_DisableFlashFastWakeUp), (18 bytes).
    Removing stm32u5xx_hal_pwr_ex.o(.ARM.exidx.text.HAL_PWREx_DisableFlashFastWakeUp), (8 bytes).
    Removing stm32u5xx_hal_pwr_ex.o(.text.HAL_PWREx_EnableSRAM4FastWakeUp), (18 bytes).
    Removing stm32u5xx_hal_pwr_ex.o(.ARM.exidx.text.HAL_PWREx_EnableSRAM4FastWakeUp), (8 bytes).
    Removing stm32u5xx_hal_pwr_ex.o(.text.HAL_PWREx_DisableSRAM4FastWakeUp), (18 bytes).
    Removing stm32u5xx_hal_pwr_ex.o(.ARM.exidx.text.HAL_PWREx_DisableSRAM4FastWakeUp), (8 bytes).
    Removing stm32u5xx_hal_pwr_ex.o(.text.HAL_PWREx_EnablePullUpPullDownConfig), (18 bytes).
    Removing stm32u5xx_hal_pwr_ex.o(.ARM.exidx.text.HAL_PWREx_EnablePullUpPullDownConfig), (8 bytes).
    Removing stm32u5xx_hal_pwr_ex.o(.text.HAL_PWREx_DisablePullUpPullDownConfig), (18 bytes).
    Removing stm32u5xx_hal_pwr_ex.o(.ARM.exidx.text.HAL_PWREx_DisablePullUpPullDownConfig), (8 bytes).
    Removing stm32u5xx_hal_pwr_ex.o(.text.HAL_PWREx_EnableGPIOPullUp), (208 bytes).
    Removing stm32u5xx_hal_pwr_ex.o(.ARM.exidx.text.HAL_PWREx_EnableGPIOPullUp), (8 bytes).
    Removing stm32u5xx_hal_pwr_ex.o(.text.HAL_PWREx_DisableGPIOPullUp), (214 bytes).
    Removing stm32u5xx_hal_pwr_ex.o(.ARM.exidx.text.HAL_PWREx_DisableGPIOPullUp), (8 bytes).
    Removing stm32u5xx_hal_pwr_ex.o(.text.HAL_PWREx_EnableGPIOPullDown), (272 bytes).
    Removing stm32u5xx_hal_pwr_ex.o(.ARM.exidx.text.HAL_PWREx_EnableGPIOPullDown), (8 bytes).
    Removing stm32u5xx_hal_pwr_ex.o(.text.HAL_PWREx_DisableGPIOPullDown), (98 bytes).
    Removing stm32u5xx_hal_pwr_ex.o(.ARM.exidx.text.HAL_PWREx_DisableGPIOPullDown), (8 bytes).
    Removing stm32u5xx_hal_gtzc.o(.text), (0 bytes).
    Removing stm32u5xx_hal_icache.o(.text), (0 bytes).
    Removing stm32u5xx_hal_icache.o(.ARM.exidx.text.HAL_ICACHE_ConfigAssociativityMode), (8 bytes).
    Removing stm32u5xx_hal_icache.o(.text.HAL_ICACHE_DeInit), (68 bytes).
    Removing stm32u5xx_hal_icache.o(.ARM.exidx.text.HAL_ICACHE_DeInit), (8 bytes).
    Removing stm32u5xx_hal_icache.o(.ARM.exidx.text.HAL_ICACHE_Enable), (8 bytes).
    Removing stm32u5xx_hal_icache.o(.text.HAL_ICACHE_Disable), (66 bytes).
    Removing stm32u5xx_hal_icache.o(.ARM.exidx.text.HAL_ICACHE_Disable), (8 bytes).
    Removing stm32u5xx_hal_icache.o(.text.HAL_ICACHE_IsEnabled), (16 bytes).
    Removing stm32u5xx_hal_icache.o(.ARM.exidx.text.HAL_ICACHE_IsEnabled), (8 bytes).
    Removing stm32u5xx_hal_icache.o(.text.HAL_ICACHE_Invalidate), (102 bytes).
    Removing stm32u5xx_hal_icache.o(.ARM.exidx.text.HAL_ICACHE_Invalidate), (8 bytes).
    Removing stm32u5xx_hal_icache.o(.text.HAL_ICACHE_WaitForInvalidateComplete), (82 bytes).
    Removing stm32u5xx_hal_icache.o(.ARM.exidx.text.HAL_ICACHE_WaitForInvalidateComplete), (8 bytes).
    Removing stm32u5xx_hal_icache.o(.text.HAL_ICACHE_Invalidate_IT), (42 bytes).
    Removing stm32u5xx_hal_icache.o(.ARM.exidx.text.HAL_ICACHE_Invalidate_IT), (8 bytes).
    Removing stm32u5xx_hal_icache.o(.text.HAL_ICACHE_Monitor_Start), (18 bytes).
    Removing stm32u5xx_hal_icache.o(.ARM.exidx.text.HAL_ICACHE_Monitor_Start), (8 bytes).
    Removing stm32u5xx_hal_icache.o(.text.HAL_ICACHE_Monitor_Stop), (18 bytes).
    Removing stm32u5xx_hal_icache.o(.ARM.exidx.text.HAL_ICACHE_Monitor_Stop), (8 bytes).
    Removing stm32u5xx_hal_icache.o(.text.HAL_ICACHE_Monitor_Reset), (28 bytes).
    Removing stm32u5xx_hal_icache.o(.ARM.exidx.text.HAL_ICACHE_Monitor_Reset), (8 bytes).
    Removing stm32u5xx_hal_icache.o(.text.HAL_ICACHE_Monitor_GetHitValue), (12 bytes).
    Removing stm32u5xx_hal_icache.o(.ARM.exidx.text.HAL_ICACHE_Monitor_GetHitValue), (8 bytes).
    Removing stm32u5xx_hal_icache.o(.text.HAL_ICACHE_Monitor_GetMissValue), (12 bytes).
    Removing stm32u5xx_hal_icache.o(.ARM.exidx.text.HAL_ICACHE_Monitor_GetMissValue), (8 bytes).
    Removing stm32u5xx_hal_icache.o(.text.HAL_ICACHE_IRQHandler), (66 bytes).
    Removing stm32u5xx_hal_icache.o(.ARM.exidx.text.HAL_ICACHE_IRQHandler), (8 bytes).
    Removing stm32u5xx_hal_icache.o(.text.HAL_ICACHE_ErrorCallback), (2 bytes).
    Removing stm32u5xx_hal_icache.o(.ARM.exidx.text.HAL_ICACHE_ErrorCallback), (8 bytes).
    Removing stm32u5xx_hal_icache.o(.text.HAL_ICACHE_InvalidateCompleteCallback), (2 bytes).
    Removing stm32u5xx_hal_icache.o(.ARM.exidx.text.HAL_ICACHE_InvalidateCompleteCallback), (8 bytes).
    Removing stm32u5xx_hal_icache.o(.text.HAL_ICACHE_EnableRemapRegion), (76 bytes).
    Removing stm32u5xx_hal_icache.o(.ARM.exidx.text.HAL_ICACHE_EnableRemapRegion), (8 bytes).
    Removing stm32u5xx_hal_icache.o(.text.HAL_ICACHE_DisableRemapRegion), (34 bytes).
    Removing stm32u5xx_hal_icache.o(.ARM.exidx.text.HAL_ICACHE_DisableRemapRegion), (8 bytes).
    Removing stm32u5xx_hal_spi.o(.text), (0 bytes).
    Removing stm32u5xx_hal_spi.o(.ARM.exidx.text.HAL_SPI_Init), (8 bytes).
    Removing stm32u5xx_hal_spi.o(.text.HAL_SPI_MspInit), (2 bytes).
    Removing stm32u5xx_hal_spi.o(.ARM.exidx.text.HAL_SPI_MspInit), (8 bytes).
    Removing stm32u5xx_hal_spi.o(.text.HAL_SPI_DeInit), (50 bytes).
    Removing stm32u5xx_hal_spi.o(.ARM.exidx.text.HAL_SPI_DeInit), (8 bytes).
    Removing stm32u5xx_hal_spi.o(.text.HAL_SPI_MspDeInit), (2 bytes).
    Removing stm32u5xx_hal_spi.o(.ARM.exidx.text.HAL_SPI_MspDeInit), (8 bytes).
    Removing stm32u5xx_hal_spi.o(.ARM.exidx.text.HAL_SPI_Transmit), (8 bytes).
    Removing stm32u5xx_hal_spi.o(.ARM.exidx.text.SPI_CloseTransfer), (8 bytes).
    Removing stm32u5xx_hal_spi.o(.text.HAL_SPI_Receive), (1072 bytes).
    Removing stm32u5xx_hal_spi.o(.ARM.exidx.text.HAL_SPI_Receive), (8 bytes).
    Removing stm32u5xx_hal_spi.o(.text.HAL_SPI_TransmitReceive), (1774 bytes).
    Removing stm32u5xx_hal_spi.o(.ARM.exidx.text.HAL_SPI_TransmitReceive), (8 bytes).
    Removing stm32u5xx_hal_spi.o(.text.HAL_SPI_Transmit_IT), (310 bytes).
    Removing stm32u5xx_hal_spi.o(.ARM.exidx.text.HAL_SPI_Transmit_IT), (8 bytes).
    Removing stm32u5xx_hal_spi.o(.text.SPI_TxISR_32BIT), (42 bytes).
    Removing stm32u5xx_hal_spi.o(.ARM.exidx.text.SPI_TxISR_32BIT), (8 bytes).
    Removing stm32u5xx_hal_spi.o(.text.SPI_TxISR_16BIT), (42 bytes).
    Removing stm32u5xx_hal_spi.o(.ARM.exidx.text.SPI_TxISR_16BIT), (8 bytes).
    Removing stm32u5xx_hal_spi.o(.text.SPI_TxISR_8BIT), (48 bytes).
    Removing stm32u5xx_hal_spi.o(.ARM.exidx.text.SPI_TxISR_8BIT), (8 bytes).
    Removing stm32u5xx_hal_spi.o(.text.HAL_SPI_Receive_IT), (310 bytes).
    Removing stm32u5xx_hal_spi.o(.ARM.exidx.text.HAL_SPI_Receive_IT), (8 bytes).
    Removing stm32u5xx_hal_spi.o(.text.SPI_RxISR_32BIT), (42 bytes).
    Removing stm32u5xx_hal_spi.o(.ARM.exidx.text.SPI_RxISR_32BIT), (8 bytes).
    Removing stm32u5xx_hal_spi.o(.text.SPI_RxISR_16BIT), (42 bytes).
    Removing stm32u5xx_hal_spi.o(.ARM.exidx.text.SPI_RxISR_16BIT), (8 bytes).
    Removing stm32u5xx_hal_spi.o(.text.SPI_RxISR_8BIT), (48 bytes).
    Removing stm32u5xx_hal_spi.o(.ARM.exidx.text.SPI_RxISR_8BIT), (8 bytes).
    Removing stm32u5xx_hal_spi.o(.text.HAL_SPI_TransmitReceive_IT), (442 bytes).
    Removing stm32u5xx_hal_spi.o(.ARM.exidx.text.HAL_SPI_TransmitReceive_IT), (8 bytes).
    Removing stm32u5xx_hal_spi.o(.text.HAL_SPI_Transmit_DMA), (528 bytes).
    Removing stm32u5xx_hal_spi.o(.ARM.exidx.text.HAL_SPI_Transmit_DMA), (8 bytes).
    Removing stm32u5xx_hal_spi.o(.text.SPI_DMAHalfTransmitCplt), (6 bytes).
    Removing stm32u5xx_hal_spi.o(.ARM.exidx.text.SPI_DMAHalfTransmitCplt), (8 bytes).
    Removing stm32u5xx_hal_spi.o(.text.SPI_DMATransmitCplt), (38 bytes).
    Removing stm32u5xx_hal_spi.o(.ARM.exidx.text.SPI_DMATransmitCplt), (8 bytes).
    Removing stm32u5xx_hal_spi.o(.text.SPI_DMAError), (48 bytes).
    Removing stm32u5xx_hal_spi.o(.ARM.exidx.text.SPI_DMAError), (8 bytes).
    Removing stm32u5xx_hal_spi.o(.text.HAL_SPI_Receive_DMA), (622 bytes).
    Removing stm32u5xx_hal_spi.o(.ARM.exidx.text.HAL_SPI_Receive_DMA), (8 bytes).
    Removing stm32u5xx_hal_spi.o(.text.SPI_DMAHalfReceiveCplt), (6 bytes).
    Removing stm32u5xx_hal_spi.o(.ARM.exidx.text.SPI_DMAHalfReceiveCplt), (8 bytes).
    Removing stm32u5xx_hal_spi.o(.text.SPI_DMAReceiveCplt), (38 bytes).
    Removing stm32u5xx_hal_spi.o(.ARM.exidx.text.SPI_DMAReceiveCplt), (8 bytes).
    Removing stm32u5xx_hal_spi.o(.text.HAL_SPI_TransmitReceive_DMA), (736 bytes).
    Removing stm32u5xx_hal_spi.o(.ARM.exidx.text.HAL_SPI_TransmitReceive_DMA), (8 bytes).
    Removing stm32u5xx_hal_spi.o(.text.SPI_DMAHalfTransmitReceiveCplt), (6 bytes).
    Removing stm32u5xx_hal_spi.o(.ARM.exidx.text.SPI_DMAHalfTransmitReceiveCplt), (8 bytes).
    Removing stm32u5xx_hal_spi.o(.text.SPI_DMATransmitReceiveCplt), (48 bytes).
    Removing stm32u5xx_hal_spi.o(.ARM.exidx.text.SPI_DMATransmitReceiveCplt), (8 bytes).
    Removing stm32u5xx_hal_spi.o(.text.HAL_SPI_Abort), (540 bytes).
    Removing stm32u5xx_hal_spi.o(.ARM.exidx.text.HAL_SPI_Abort), (8 bytes).
    Removing stm32u5xx_hal_spi.o(.text.HAL_SPI_Abort_IT), (610 bytes).
    Removing stm32u5xx_hal_spi.o(.ARM.exidx.text.HAL_SPI_Abort_IT), (8 bytes).
    Removing stm32u5xx_hal_spi.o(.text.SPI_DMARxAbortCallback), (130 bytes).
    Removing stm32u5xx_hal_spi.o(.ARM.exidx.text.SPI_DMARxAbortCallback), (8 bytes).
    Removing stm32u5xx_hal_spi.o(.text.SPI_DMATxAbortCallback), (128 bytes).
    Removing stm32u5xx_hal_spi.o(.ARM.exidx.text.SPI_DMATxAbortCallback), (8 bytes).
    Removing stm32u5xx_hal_spi.o(.text.HAL_SPI_AbortCpltCallback), (2 bytes).
    Removing stm32u5xx_hal_spi.o(.ARM.exidx.text.HAL_SPI_AbortCpltCallback), (8 bytes).
    Removing stm32u5xx_hal_spi.o(.text.HAL_SPI_DMAPause), (18 bytes).
    Removing stm32u5xx_hal_spi.o(.ARM.exidx.text.HAL_SPI_DMAPause), (8 bytes).
    Removing stm32u5xx_hal_spi.o(.text.HAL_SPI_DMAResume), (18 bytes).
    Removing stm32u5xx_hal_spi.o(.ARM.exidx.text.HAL_SPI_DMAResume), (8 bytes).
    Removing stm32u5xx_hal_spi.o(.text.HAL_SPI_DMAStop), (18 bytes).
    Removing stm32u5xx_hal_spi.o(.ARM.exidx.text.HAL_SPI_DMAStop), (8 bytes).
    Removing stm32u5xx_hal_spi.o(.text.HAL_SPI_IRQHandler), (666 bytes).
    Removing stm32u5xx_hal_spi.o(.ARM.exidx.text.HAL_SPI_IRQHandler), (8 bytes).
    Removing stm32u5xx_hal_spi.o(.text.HAL_SPI_SuspendCallback), (2 bytes).
    Removing stm32u5xx_hal_spi.o(.ARM.exidx.text.HAL_SPI_SuspendCallback), (8 bytes).
    Removing stm32u5xx_hal_spi.o(.text.HAL_SPI_ErrorCallback), (2 bytes).
    Removing stm32u5xx_hal_spi.o(.ARM.exidx.text.HAL_SPI_ErrorCallback), (8 bytes).
    Removing stm32u5xx_hal_spi.o(.text.HAL_SPI_TxRxCpltCallback), (2 bytes).
    Removing stm32u5xx_hal_spi.o(.ARM.exidx.text.HAL_SPI_TxRxCpltCallback), (8 bytes).
    Removing stm32u5xx_hal_spi.o(.text.HAL_SPI_RxCpltCallback), (2 bytes).
    Removing stm32u5xx_hal_spi.o(.ARM.exidx.text.HAL_SPI_RxCpltCallback), (8 bytes).
    Removing stm32u5xx_hal_spi.o(.text.HAL_SPI_TxCpltCallback), (2 bytes).
    Removing stm32u5xx_hal_spi.o(.ARM.exidx.text.HAL_SPI_TxCpltCallback), (8 bytes).
    Removing stm32u5xx_hal_spi.o(.text.SPI_DMAAbortOnError), (22 bytes).
    Removing stm32u5xx_hal_spi.o(.ARM.exidx.text.SPI_DMAAbortOnError), (8 bytes).
    Removing stm32u5xx_hal_spi.o(.text.HAL_SPI_TxHalfCpltCallback), (2 bytes).
    Removing stm32u5xx_hal_spi.o(.ARM.exidx.text.HAL_SPI_TxHalfCpltCallback), (8 bytes).
    Removing stm32u5xx_hal_spi.o(.text.HAL_SPI_RxHalfCpltCallback), (2 bytes).
    Removing stm32u5xx_hal_spi.o(.ARM.exidx.text.HAL_SPI_RxHalfCpltCallback), (8 bytes).
    Removing stm32u5xx_hal_spi.o(.text.HAL_SPI_TxRxHalfCpltCallback), (2 bytes).
    Removing stm32u5xx_hal_spi.o(.ARM.exidx.text.HAL_SPI_TxRxHalfCpltCallback), (8 bytes).
    Removing stm32u5xx_hal_spi.o(.text.HAL_SPI_GetState), (6 bytes).
    Removing stm32u5xx_hal_spi.o(.ARM.exidx.text.HAL_SPI_GetState), (8 bytes).
    Removing stm32u5xx_hal_spi.o(.text.HAL_SPI_GetError), (6 bytes).
    Removing stm32u5xx_hal_spi.o(.ARM.exidx.text.HAL_SPI_GetError), (8 bytes).
    Removing stm32u5xx_hal_spi_ex.o(.text), (0 bytes).
    Removing stm32u5xx_hal_spi_ex.o(.text.HAL_SPIEx_FlushRxFifo), (242 bytes).
    Removing stm32u5xx_hal_spi_ex.o(.ARM.exidx.text.HAL_SPIEx_FlushRxFifo), (8 bytes).
    Removing stm32u5xx_hal_spi_ex.o(.text.HAL_SPIEx_EnableLockConfiguration), (88 bytes).
    Removing stm32u5xx_hal_spi_ex.o(.ARM.exidx.text.HAL_SPIEx_EnableLockConfiguration), (8 bytes).
    Removing stm32u5xx_hal_spi_ex.o(.text.HAL_SPIEx_ConfigureUnderrun), (104 bytes).
    Removing stm32u5xx_hal_spi_ex.o(.ARM.exidx.text.HAL_SPIEx_ConfigureUnderrun), (8 bytes).
    Removing stm32u5xx_hal_spi_ex.o(.ARM.exidx.text.HAL_SPIEx_SetConfigAutonomousMode), (8 bytes).
    Removing stm32u5xx_hal_spi_ex.o(.text.HAL_SPIEx_GetConfigAutonomousMode), (52 bytes).
    Removing stm32u5xx_hal_spi_ex.o(.ARM.exidx.text.HAL_SPIEx_GetConfigAutonomousMode), (8 bytes).
    Removing stm32u5xx_hal_spi_ex.o(.text.HAL_SPIEx_ClearConfigAutonomousMode), (66 bytes).
    Removing stm32u5xx_hal_spi_ex.o(.ARM.exidx.text.HAL_SPIEx_ClearConfigAutonomousMode), (8 bytes).
    Removing system_stm32u5xx.o(.text), (0 bytes).
    Removing system_stm32u5xx.o(.ARM.exidx.text.SystemInit), (8 bytes).
    Removing system_stm32u5xx.o(.text.SystemCoreClockUpdate), (292 bytes).
    Removing system_stm32u5xx.o(.ARM.exidx.text.SystemCoreClockUpdate), (8 bytes).
    Removing system_stm32u5xx.o(.rodata.APBPrescTable), (8 bytes).
    Removing bsp_ili9341_4line.o(.text), (0 bytes).
    Removing bsp_ili9341_4line.o(.text.ILI9341_WR_REG), (58 bytes).
    Removing bsp_ili9341_4line.o(.ARM.exidx.text.ILI9341_WR_REG), (8 bytes).
    Removing bsp_ili9341_4line.o(.text.ILI9341_WR_DATA), (32 bytes).
    Removing bsp_ili9341_4line.o(.ARM.exidx.text.ILI9341_WR_DATA), (8 bytes).
    Removing bsp_ili9341_4line.o(.text.ILI9341_WriteReg), (80 bytes).
    Removing bsp_ili9341_4line.o(.ARM.exidx.text.ILI9341_WriteReg), (8 bytes).
    Removing bsp_ili9341_4line.o(.text.ILI9341_WriteRAM_Prepare), (74 bytes).
    Removing bsp_ili9341_4line.o(.ARM.exidx.text.ILI9341_WriteRAM_Prepare), (8 bytes).
    Removing bsp_ili9341_4line.o(.text.ILI9341_WriteRAM), (54 bytes).
    Removing bsp_ili9341_4line.o(.ARM.exidx.text.ILI9341_WriteRAM), (8 bytes).
    Removing bsp_ili9341_4line.o(.text.ILI9341_SetCursor), (168 bytes).
    Removing bsp_ili9341_4line.o(.ARM.exidx.text.ILI9341_SetCursor), (8 bytes).
    Removing bsp_ili9341_4line.o(.text.ILI9341_SetArea), (270 bytes).
    Removing bsp_ili9341_4line.o(.ARM.exidx.text.ILI9341_SetArea), (8 bytes).
    Removing bsp_ili9341_4line.o(.ARM.exidx.text.ILI9341_Display_Dir), (8 bytes).
    Removing bsp_ili9341_4line.o(.ARM.exidx.text.ILI9341_Init), (8 bytes).
    Removing bsp_ili9341_4line.o(.ARM.exidx.text.ILI9341_Clear), (8 bytes).
    Removing bsp_ili9341_4line.o(.text._HW_DrawPoint), (240 bytes).
    Removing bsp_ili9341_4line.o(.ARM.exidx.text._HW_DrawPoint), (8 bytes).
    Removing bsp_ili9341_4line.o(.text._HW_FillFrame), (532 bytes).
    Removing bsp_ili9341_4line.o(.ARM.exidx.text._HW_FillFrame), (8 bytes).
    Removing bsp_ili9341_4line.o(.text._HW_DrawLine), (186 bytes).
    Removing bsp_ili9341_4line.o(.ARM.exidx.text._HW_DrawLine), (8 bytes).
    Removing bsp_ili9341_4line.o(.text.LCD_DrawRect), (102 bytes).
    Removing bsp_ili9341_4line.o(.ARM.exidx.text.LCD_DrawRect), (8 bytes).
    Removing bsp_ili9341_4line.o(.text.LCD_DrawCircle), (214 bytes).
    Removing bsp_ili9341_4line.o(.ARM.exidx.text.LCD_DrawCircle), (8 bytes).
    Removing bsp_ili9341_4line.o(.text.Gui_DrawFont_GBK16), (312 bytes).
    Removing bsp_ili9341_4line.o(.ARM.exidx.text.Gui_DrawFont_GBK16), (8 bytes).
    Removing bsp_ili9341_4line.o(.text.LCD_Picture_pic), (378 bytes).
    Removing bsp_ili9341_4line.o(.ARM.exidx.text.LCD_Picture_pic), (8 bytes).
    Removing bsp_ili9341_4line.o(.rodata.Zk_ASCII8X), (4097 bytes).
    Removing bsp_ili9341_4line.o(.rodata.gImage_a), (125288 bytes).
    Removing bsp_ili9341_4line.o(.data..L_MergedGlobals), (8 bytes).

794 unused section(s) (total 180287 bytes) removed from the image.

==============================================================================

Image Symbol Table

    Local Symbols

    Symbol Name                              Value     Ov Type        Size  Object(Section)

    ../clib/angel/boardlib.s                 0x00000000   Number         0  boardinit1.o ABSOLUTE
    ../clib/angel/boardlib.s                 0x00000000   Number         0  boardinit2.o ABSOLUTE
    ../clib/angel/boardlib.s                 0x00000000   Number         0  boardinit3.o ABSOLUTE
    ../clib/angel/boardlib.s                 0x00000000   Number         0  boardshut.o ABSOLUTE
    ../clib/angel/handlers.s                 0x00000000   Number         0  __scatter_copy.o ABSOLUTE
    ../clib/angel/handlers.s                 0x00000000   Number         0  __scatter_zi.o ABSOLUTE
    ../clib/angel/kernel.s                   0x00000000   Number         0  __rtentry.o ABSOLUTE
    ../clib/angel/kernel.s                   0x00000000   Number         0  __rtentry2.o ABSOLUTE
    ../clib/angel/kernel.s                   0x00000000   Number         0  __rtentry4.o ABSOLUTE
    ../clib/angel/kernel.s                   0x00000000   Number         0  rtexit.o ABSOLUTE
    ../clib/angel/kernel.s                   0x00000000   Number         0  rtexit2.o ABSOLUTE
    ../clib/angel/rt.s                       0x00000000   Number         0  rt_raise.o ABSOLUTE
    ../clib/angel/scatter.s                  0x00000000   Number         0  __scatter.o ABSOLUTE
    ../clib/angel/startup.s                  0x00000000   Number         0  __main.o ABSOLUTE
    ../clib/angel/sys.s                      0x00000000   Number         0  sys_stackheap_outer.o ABSOLUTE
    ../clib/angel/sys.s                      0x00000000   Number         0  libspace.o ABSOLUTE
    ../clib/angel/sys.s                      0x00000000   Number         0  use_no_semi.o ABSOLUTE
    ../clib/angel/sys.s                      0x00000000   Number         0  indicate_semi.o ABSOLUTE
    ../clib/angel/sysapp.c                   0x00000000   Number         0  sys_exit.o ABSOLUTE
    ../clib/angel/sysapp.c                   0x00000000   Number         0  sys_exit_hlt.o ABSOLUTE
    ../clib/angel/sysapp.c                   0x00000000   Number         0  sys_command.o ABSOLUTE
    ../clib/angel/sysapp.c                   0x00000000   Number         0  sys_command_hlt.o ABSOLUTE
    ../clib/angel/sysapp.c                   0x00000000   Number         0  sys_wrch.o ABSOLUTE
    ../clib/angel/sysapp.c                   0x00000000   Number         0  sys_wrch_hlt.o ABSOLUTE
    ../clib/armsys.c                         0x00000000   Number         0  argv_veneer.o ABSOLUTE
    ../clib/armsys.c                         0x00000000   Number         0  argv_veneer.o ABSOLUTE
    ../clib/armsys.c                         0x00000000   Number         0  _get_argv_nomalloc.o ABSOLUTE
    ../clib/armsys.c                         0x00000000   Number         0  no_argv.o ABSOLUTE
    ../clib/heapalloc.c                      0x00000000   Number         0  hrguard.o ABSOLUTE
    ../clib/heapaux.c                        0x00000000   Number         0  heapauxi.o ABSOLUTE
    ../clib/libinit.s                        0x00000000   Number         0  libinit.o ABSOLUTE
    ../clib/libinit.s                        0x00000000   Number         0  libinit2.o ABSOLUTE
    ../clib/libinit.s                        0x00000000   Number         0  libshutdown.o ABSOLUTE
    ../clib/libinit.s                        0x00000000   Number         0  libshutdown2.o ABSOLUTE
    ../clib/memcpset.s                       0x00000000   Number         0  rt_memclr_w.o ABSOLUTE
    ../clib/signal.c                         0x00000000   Number         0  defsig_rtmem_outer.o ABSOLUTE
    ../clib/signal.c                         0x00000000   Number         0  defsig_rtmem_formal.o ABSOLUTE
    ../clib/signal.c                         0x00000000   Number         0  defsig_exit.o ABSOLUTE
    ../clib/signal.c                         0x00000000   Number         0  defsig_rtmem_inner.o ABSOLUTE
    ../clib/signal.c                         0x00000000   Number         0  __raise.o ABSOLUTE
    ../clib/signal.c                         0x00000000   Number         0  defsig_general.o ABSOLUTE
    ../clib/signal.c                         0x00000000   Number         0  defsig_abrt_inner.o ABSOLUTE
    ../clib/signal.c                         0x00000000   Number         0  defsig_fpe_inner.o ABSOLUTE
    ../clib/signal.c                         0x00000000   Number         0  defsig_rtred_inner.o ABSOLUTE
    ../clib/signal.c                         0x00000000   Number         0  defsig_stak_inner.o ABSOLUTE
    ../clib/signal.c                         0x00000000   Number         0  defsig_pvfn_inner.o ABSOLUTE
    ../clib/signal.c                         0x00000000   Number         0  defsig_cppl_inner.o ABSOLUTE
    ../clib/signal.c                         0x00000000   Number         0  defsig_segv_inner.o ABSOLUTE
    ../clib/signal.c                         0x00000000   Number         0  defsig_other.o ABSOLUTE
    ../clib/signal.s                         0x00000000   Number         0  defsig.o ABSOLUTE
    ../clib/stdlib.c                         0x00000000   Number         0  exit.o ABSOLUTE
    ../clib/string.c                         0x00000000   Number         0  strlen.o ABSOLUTE
    ../fplib/fpinit.s                        0x00000000   Number         0  fpinit.o ABSOLUTE
    bsp_ili9341_4line.c                      0x00000000   Number         0  bsp_ili9341_4line.o ABSOLUTE
    dc.s                                     0x00000000   Number         0  dc.o ABSOLUTE
    gpio.c                                   0x00000000   Number         0  gpio.o ABSOLUTE
    icache.c                                 0x00000000   Number         0  icache.o ABSOLUTE
    main.c                                   0x00000000   Number         0  main.o ABSOLUTE
    memorymap.c                              0x00000000   Number         0  memorymap.o ABSOLUTE
    spi.c                                    0x00000000   Number         0  spi.o ABSOLUTE
    startup_stm32u575xx.s                    0x00000000   Number         0  startup_stm32u575xx.o ABSOLUTE
    stm32u5xx_hal.c                          0x00000000   Number         0  stm32u5xx_hal.o ABSOLUTE
    stm32u5xx_hal_cortex.c                   0x00000000   Number         0  stm32u5xx_hal_cortex.o ABSOLUTE
    stm32u5xx_hal_dma.c                      0x00000000   Number         0  stm32u5xx_hal_dma.o ABSOLUTE
    stm32u5xx_hal_dma_ex.c                   0x00000000   Number         0  stm32u5xx_hal_dma_ex.o ABSOLUTE
    stm32u5xx_hal_exti.c                     0x00000000   Number         0  stm32u5xx_hal_exti.o ABSOLUTE
    stm32u5xx_hal_flash.c                    0x00000000   Number         0  stm32u5xx_hal_flash.o ABSOLUTE
    stm32u5xx_hal_flash_ex.c                 0x00000000   Number         0  stm32u5xx_hal_flash_ex.o ABSOLUTE
    stm32u5xx_hal_gpio.c                     0x00000000   Number         0  stm32u5xx_hal_gpio.o ABSOLUTE
    stm32u5xx_hal_gtzc.c                     0x00000000   Number         0  stm32u5xx_hal_gtzc.o ABSOLUTE
    stm32u5xx_hal_i2c.c                      0x00000000   Number         0  stm32u5xx_hal_i2c.o ABSOLUTE
    stm32u5xx_hal_i2c_ex.c                   0x00000000   Number         0  stm32u5xx_hal_i2c_ex.o ABSOLUTE
    stm32u5xx_hal_icache.c                   0x00000000   Number         0  stm32u5xx_hal_icache.o ABSOLUTE
    stm32u5xx_hal_msp.c                      0x00000000   Number         0  stm32u5xx_hal_msp.o ABSOLUTE
    stm32u5xx_hal_pwr.c                      0x00000000   Number         0  stm32u5xx_hal_pwr.o ABSOLUTE
    stm32u5xx_hal_pwr_ex.c                   0x00000000   Number         0  stm32u5xx_hal_pwr_ex.o ABSOLUTE
    stm32u5xx_hal_rcc.c                      0x00000000   Number         0  stm32u5xx_hal_rcc.o ABSOLUTE
    stm32u5xx_hal_rcc_ex.c                   0x00000000   Number         0  stm32u5xx_hal_rcc_ex.o ABSOLUTE
    stm32u5xx_hal_spi.c                      0x00000000   Number         0  stm32u5xx_hal_spi.o ABSOLUTE
    stm32u5xx_hal_spi_ex.c                   0x00000000   Number         0  stm32u5xx_hal_spi_ex.o ABSOLUTE
    stm32u5xx_it.c                           0x00000000   Number         0  stm32u5xx_it.o ABSOLUTE
    system_stm32u5xx.c                       0x00000000   Number         0  system_stm32u5xx.o ABSOLUTE
    RESET                                    0x08000000   Section      568  startup_stm32u575xx.o(RESET)
    !!!main                                  0x08000238   Section        8  __main.o(!!!main)
    !!!scatter                               0x08000240   Section       52  __scatter.o(!!!scatter)
    !!handler_copy                           0x08000274   Section       26  __scatter_copy.o(!!handler_copy)
    !!handler_zi                             0x08000290   Section       28  __scatter_zi.o(!!handler_zi)
    .ARM.Collect$$libinit$$00000000          0x080002ac   Section        2  libinit.o(.ARM.Collect$$libinit$$00000000)
    .ARM.Collect$$libinit$$00000001          0x080002ae   Section        4  libinit2.o(.ARM.Collect$$libinit$$00000001)
    .ARM.Collect$$libinit$$00000004          0x080002b2   Section        0  libinit2.o(.ARM.Collect$$libinit$$00000004)
    .ARM.Collect$$libinit$$0000000A          0x080002b2   Section        0  libinit2.o(.ARM.Collect$$libinit$$0000000A)
    .ARM.Collect$$libinit$$0000000C          0x080002b2   Section        0  libinit2.o(.ARM.Collect$$libinit$$0000000C)
    .ARM.Collect$$libinit$$0000000E          0x080002b2   Section        0  libinit2.o(.ARM.Collect$$libinit$$0000000E)
    .ARM.Collect$$libinit$$00000011          0x080002b2   Section        0  libinit2.o(.ARM.Collect$$libinit$$00000011)
    .ARM.Collect$$libinit$$00000013          0x080002b2   Section        0  libinit2.o(.ARM.Collect$$libinit$$00000013)
    .ARM.Collect$$libinit$$00000015          0x080002b2   Section        0  libinit2.o(.ARM.Collect$$libinit$$00000015)
    .ARM.Collect$$libinit$$00000017          0x080002b2   Section        0  libinit2.o(.ARM.Collect$$libinit$$00000017)
    .ARM.Collect$$libinit$$00000019          0x080002b2   Section        0  libinit2.o(.ARM.Collect$$libinit$$00000019)
    .ARM.Collect$$libinit$$0000001B          0x080002b2   Section        0  libinit2.o(.ARM.Collect$$libinit$$0000001B)
    .ARM.Collect$$libinit$$0000001D          0x080002b2   Section        0  libinit2.o(.ARM.Collect$$libinit$$0000001D)
    .ARM.Collect$$libinit$$0000001F          0x080002b2   Section        0  libinit2.o(.ARM.Collect$$libinit$$0000001F)
    .ARM.Collect$$libinit$$00000021          0x080002b2   Section        0  libinit2.o(.ARM.Collect$$libinit$$00000021)
    .ARM.Collect$$libinit$$00000023          0x080002b2   Section        0  libinit2.o(.ARM.Collect$$libinit$$00000023)
    .ARM.Collect$$libinit$$00000025          0x080002b2   Section        0  libinit2.o(.ARM.Collect$$libinit$$00000025)
    .ARM.Collect$$libinit$$0000002C          0x080002b2   Section        0  libinit2.o(.ARM.Collect$$libinit$$0000002C)
    .ARM.Collect$$libinit$$0000002E          0x080002b2   Section        0  libinit2.o(.ARM.Collect$$libinit$$0000002E)
    .ARM.Collect$$libinit$$00000030          0x080002b2   Section        0  libinit2.o(.ARM.Collect$$libinit$$00000030)
    .ARM.Collect$$libinit$$00000032          0x080002b2   Section        0  libinit2.o(.ARM.Collect$$libinit$$00000032)
    .ARM.Collect$$libinit$$00000033          0x080002b2   Section        2  libinit2.o(.ARM.Collect$$libinit$$00000033)
    .ARM.Collect$$libshutdown$$00000000      0x080002b4   Section        2  libshutdown.o(.ARM.Collect$$libshutdown$$00000000)
    .ARM.Collect$$libshutdown$$00000002      0x080002b6   Section        0  libshutdown2.o(.ARM.Collect$$libshutdown$$00000002)
    .ARM.Collect$$libshutdown$$00000004      0x080002b6   Section        0  libshutdown2.o(.ARM.Collect$$libshutdown$$00000004)
    .ARM.Collect$$libshutdown$$00000007      0x080002b6   Section        0  libshutdown2.o(.ARM.Collect$$libshutdown$$00000007)
    .ARM.Collect$$libshutdown$$0000000A      0x080002b6   Section        0  libshutdown2.o(.ARM.Collect$$libshutdown$$0000000A)
    .ARM.Collect$$libshutdown$$0000000C      0x080002b6   Section        0  libshutdown2.o(.ARM.Collect$$libshutdown$$0000000C)
    .ARM.Collect$$libshutdown$$0000000F      0x080002b6   Section        0  libshutdown2.o(.ARM.Collect$$libshutdown$$0000000F)
    .ARM.Collect$$libshutdown$$00000010      0x080002b6   Section        2  libshutdown2.o(.ARM.Collect$$libshutdown$$00000010)
    .ARM.Collect$$rtentry$$00000000          0x080002b8   Section        0  __rtentry.o(.ARM.Collect$$rtentry$$00000000)
    .ARM.Collect$$rtentry$$00000002          0x080002b8   Section        0  __rtentry2.o(.ARM.Collect$$rtentry$$00000002)
    .ARM.Collect$$rtentry$$00000004          0x080002b8   Section        6  __rtentry4.o(.ARM.Collect$$rtentry$$00000004)
    .ARM.Collect$$rtentry$$00000009          0x080002be   Section        0  __rtentry2.o(.ARM.Collect$$rtentry$$00000009)
    .ARM.Collect$$rtentry$$0000000A          0x080002be   Section        4  __rtentry2.o(.ARM.Collect$$rtentry$$0000000A)
    .ARM.Collect$$rtentry$$0000000C          0x080002c2   Section        0  __rtentry2.o(.ARM.Collect$$rtentry$$0000000C)
    .ARM.Collect$$rtentry$$0000000D          0x080002c2   Section        8  __rtentry2.o(.ARM.Collect$$rtentry$$0000000D)
    .ARM.Collect$$rtexit$$00000000           0x080002ca   Section        2  rtexit.o(.ARM.Collect$$rtexit$$00000000)
    .ARM.Collect$$rtexit$$00000002           0x080002cc   Section        0  rtexit2.o(.ARM.Collect$$rtexit$$00000002)
    .ARM.Collect$$rtexit$$00000003           0x080002cc   Section        4  rtexit2.o(.ARM.Collect$$rtexit$$00000003)
    .ARM.Collect$$rtexit$$00000004           0x080002d0   Section        6  rtexit2.o(.ARM.Collect$$rtexit$$00000004)
    $v0                                      0x080002d8   Number         0  startup_stm32u575xx.o(.text)
    .text                                    0x080002d8   Section       68  startup_stm32u575xx.o(.text)
    .text                                    0x0800031c   Section       78  rt_memclr_w.o(.text)
    .text                                    0x0800036a   Section        0  heapauxi.o(.text)
    .text                                    0x08000370   Section       74  sys_stackheap_outer.o(.text)
    .text                                    0x080003ba   Section        0  exit.o(.text)
    .text                                    0x080003cc   Section        8  libspace.o(.text)
    .text                                    0x080003d4   Section        0  sys_exit.o(.text)
    .text                                    0x080003e0   Section        2  use_no_semi.o(.text)
    .text                                    0x080003e2   Section        0  indicate_semi.o(.text)
    [Anonymous Symbol]                       0x080003e4   Section        0  stm32u5xx_it.o(.text.BusFault_Handler)
    [Anonymous Symbol]                       0x080003e8   Section        0  stm32u5xx_it.o(.text.DebugMon_Handler)
    [Anonymous Symbol]                       0x080003ec   Section        0  main.o(.text.Error_Handler)
    [Anonymous Symbol]                       0x080003f4   Section        0  stm32u5xx_hal.o(.text.HAL_Delay)
    [Anonymous Symbol]                       0x0800041c   Section        0  stm32u5xx_hal_gpio.o(.text.HAL_GPIO_Init)
    [Anonymous Symbol]                       0x08000638   Section        0  stm32u5xx_hal_gpio.o(.text.HAL_GPIO_WritePin)
    [Anonymous Symbol]                       0x08000644   Section        0  stm32u5xx_hal.o(.text.HAL_GetTick)
    [Anonymous Symbol]                       0x08000650   Section        0  stm32u5xx_hal_icache.o(.text.HAL_ICACHE_ConfigAssociativityMode)
    [Anonymous Symbol]                       0x08000670   Section        0  stm32u5xx_hal_icache.o(.text.HAL_ICACHE_Enable)
    [Anonymous Symbol]                       0x08000684   Section        0  stm32u5xx_hal.o(.text.HAL_IncTick)
    [Anonymous Symbol]                       0x080006a0   Section        0  stm32u5xx_hal.o(.text.HAL_Init)
    [Anonymous Symbol]                       0x080006fc   Section        0  stm32u5xx_hal.o(.text.HAL_InitTick)
    [Anonymous Symbol]                       0x080007b4   Section        0  stm32u5xx_hal_msp.o(.text.HAL_MspInit)
    [Anonymous Symbol]                       0x080007d4   Section        0  stm32u5xx_hal_cortex.o(.text.HAL_NVIC_SetPriority)
    [Anonymous Symbol]                       0x0800082c   Section        0  stm32u5xx_hal_cortex.o(.text.HAL_NVIC_SetPriorityGrouping)
    [Anonymous Symbol]                       0x0800084c   Section        0  stm32u5xx_hal_pwr_ex.o(.text.HAL_PWREx_ControlVoltageScaling)
    [Anonymous Symbol]                       0x08000988   Section        0  stm32u5xx_hal_pwr_ex.o(.text.HAL_PWREx_GetVoltageRange)
    [Anonymous Symbol]                       0x08000998   Section        0  stm32u5xx_hal_rcc_ex.o(.text.HAL_RCCEx_PeriphCLKConfig)
    [Anonymous Symbol]                       0x080010f4   Section        0  stm32u5xx_hal_rcc.o(.text.HAL_RCC_ClockConfig)
    [Anonymous Symbol]                       0x08001408   Section        0  stm32u5xx_hal_rcc.o(.text.HAL_RCC_GetSysClockFreq)
    [Anonymous Symbol]                       0x08001514   Section        0  stm32u5xx_hal_rcc.o(.text.HAL_RCC_OscConfig)
    [Anonymous Symbol]                       0x08002088   Section        0  stm32u5xx_hal_spi_ex.o(.text.HAL_SPIEx_SetConfigAutonomousMode)
    [Anonymous Symbol]                       0x080020d4   Section        0  stm32u5xx_hal_spi.o(.text.HAL_SPI_Init)
    [Anonymous Symbol]                       0x08002288   Section        0  spi.o(.text.HAL_SPI_MspInit)
    [Anonymous Symbol]                       0x08002320   Section        0  stm32u5xx_hal_spi.o(.text.HAL_SPI_Transmit)
    [Anonymous Symbol]                       0x08002724   Section        0  stm32u5xx_hal_cortex.o(.text.HAL_SYSTICK_CLKSourceConfig)
    [Anonymous Symbol]                       0x080027b0   Section        0  stm32u5xx_hal_cortex.o(.text.HAL_SYSTICK_Config)
    [Anonymous Symbol]                       0x080027d4   Section        0  stm32u5xx_hal_cortex.o(.text.HAL_SYSTICK_GetCLKSourceConfig)
    [Anonymous Symbol]                       0x08002808   Section        0  stm32u5xx_it.o(.text.HardFault_Handler)
    [Anonymous Symbol]                       0x0800280c   Section        0  bsp_ili9341_4line.o(.text.ILI9341_Clear)
    [Anonymous Symbol]                       0x0800290c   Section        0  bsp_ili9341_4line.o(.text.ILI9341_Display_Dir)
    [Anonymous Symbol]                       0x08002a90   Section        0  bsp_ili9341_4line.o(.text.ILI9341_Init)
    [Anonymous Symbol]                       0x08003404   Section        0  gpio.o(.text.MX_GPIO_Init)
    [Anonymous Symbol]                       0x08003450   Section        0  icache.o(.text.MX_ICACHE_Init)
    [Anonymous Symbol]                       0x08003474   Section        0  spi.o(.text.MX_SPI1_Init)
    [Anonymous Symbol]                       0x080034fc   Section        0  stm32u5xx_it.o(.text.MemManage_Handler)
    [Anonymous Symbol]                       0x08003500   Section        0  stm32u5xx_it.o(.text.NMI_Handler)
    [Anonymous Symbol]                       0x08003504   Section        0  stm32u5xx_it.o(.text.PendSV_Handler)
    RCCEx_PLL2_Config                        0x08003509   Thumb Code   252  stm32u5xx_hal_rcc_ex.o(.text.RCCEx_PLL2_Config)
    [Anonymous Symbol]                       0x08003508   Section        0  stm32u5xx_hal_rcc_ex.o(.text.RCCEx_PLL2_Config)
    RCCEx_PLL3_Config                        0x08003605   Thumb Code   252  stm32u5xx_hal_rcc_ex.o(.text.RCCEx_PLL3_Config)
    [Anonymous Symbol]                       0x08003604   Section        0  stm32u5xx_hal_rcc_ex.o(.text.RCCEx_PLL3_Config)
    SPI_CloseTransfer                        0x08003701   Thumb Code   200  stm32u5xx_hal_spi.o(.text.SPI_CloseTransfer)
    [Anonymous Symbol]                       0x08003700   Section        0  stm32u5xx_hal_spi.o(.text.SPI_CloseTransfer)
    [Anonymous Symbol]                       0x080037c8   Section        0  stm32u5xx_it.o(.text.SVC_Handler)
    [Anonymous Symbol]                       0x080037cc   Section        0  stm32u5xx_it.o(.text.SysTick_Handler)
    [Anonymous Symbol]                       0x080037d0   Section        0  system_stm32u5xx.o(.text.SystemInit)
    [Anonymous Symbol]                       0x0800381c   Section        0  stm32u5xx_it.o(.text.UsageFault_Handler)
    [Anonymous Symbol]                       0x08003820   Section        0  main.o(.text.main)
    $v0                                      0x080038be   Number         0  fpinit.o(x$fpl$fpinit)
    x$fpl$fpinit                             0x080038be   Section       26  fpinit.o(x$fpl$fpinit)
    LPGPIO_Map                               0x080038e8   Data         128  stm32u5xx_hal_gpio.o(.rodata.LPGPIO_Map)
    [Anonymous Symbol]                       0x080038e8   Section        0  stm32u5xx_hal_gpio.o(.rodata.LPGPIO_Map)
    .L_MergedGlobals                         0x20000000   Data           8  stm32u5xx_hal.o(.data..L_MergedGlobals)
    [Anonymous Symbol]                       0x20000000   Section        0  stm32u5xx_hal.o(.data..L_MergedGlobals)
    .bss                                     0x20000010   Section       96  libspace.o(.bss)
    .L_MergedGlobals.1                       0x20000070   Data          10  bsp_ili9341_4line.o(.bss..L_MergedGlobals.1)
    ILI9341dev.3                             0x20000070   Data           1  bsp_ili9341_4line.o(.bss..L_MergedGlobals.1)
    [Anonymous Symbol]                       0x20000070   Section        0  bsp_ili9341_4line.o(.bss..L_MergedGlobals.1)
    ILI9341dev.4                             0x20000072   Data           1  bsp_ili9341_4line.o(.bss..L_MergedGlobals.1)
    ILI9341dev.5                             0x20000074   Data           1  bsp_ili9341_4line.o(.bss..L_MergedGlobals.1)
    ILI9341dev.0                             0x20000076   Data           2  bsp_ili9341_4line.o(.bss..L_MergedGlobals.1)
    ILI9341dev.1                             0x20000078   Data           2  bsp_ili9341_4line.o(.bss..L_MergedGlobals.1)
    Heap_Mem                                 0x20000110   Data       12288  startup_stm32u575xx.o(HEAP)
    HEAP                                     0x20000110   Section    12288  startup_stm32u575xx.o(HEAP)
    Stack_Mem                                0x20003110   Data       12288  startup_stm32u575xx.o(STACK)
    STACK                                    0x20003110   Section    12288  startup_stm32u575xx.o(STACK)
    __initial_sp                             0x20006110   Data           0  startup_stm32u575xx.o(STACK)

    Global Symbols

    Symbol Name                              Value     Ov Type        Size  Object(Section)

    BuildAttributes$$THM_ISAv4$E$P$D$K$B$S$7EM$8M$VFPi5$EXTD16$VFPS$VFMA$PE$A:L22UL41UL21$X:L11$S22US41US21$IEEE1$IW$~IW$USESV6$~STKCKD$USESV7$~SHL$OTIME$ROPI$EBA8$UX$STANDARDLIB$REQ8$PRES8$EABIv2 0x00000000   Number         0  anon$$obj.o ABSOLUTE
    __ARM_exceptions_init                     - Undefined Weak Reference
    __alloca_initialize                       - Undefined Weak Reference
    __arm_preinit_                            - Undefined Weak Reference
    __cpp_initialize__aeabi_                  - Undefined Weak Reference
    __cxa_finalize                            - Undefined Weak Reference
    __rt_locale                               - Undefined Weak Reference
    __sigvec_lookup                           - Undefined Weak Reference
    _atexit_init                              - Undefined Weak Reference
    _call_atexit_fns                          - Undefined Weak Reference
    _clock_init                               - Undefined Weak Reference
    _fp_trap_init                             - Undefined Weak Reference
    _fp_trap_shutdown                         - Undefined Weak Reference
    _get_lc_collate                           - Undefined Weak Reference
    _get_lc_ctype                             - Undefined Weak Reference
    _get_lc_monetary                          - Undefined Weak Reference
    _get_lc_numeric                           - Undefined Weak Reference
    _get_lc_time                              - Undefined Weak Reference
    _getenv_init                              - Undefined Weak Reference
    _handle_redirection                       - Undefined Weak Reference
    _init_alloc                               - Undefined Weak Reference
    _init_user_alloc                          - Undefined Weak Reference
    _initio                                   - Undefined Weak Reference
    _rand_init                                - Undefined Weak Reference
    _signal_finish                            - Undefined Weak Reference
    _signal_init                              - Undefined Weak Reference
    _terminate_alloc                          - Undefined Weak Reference
    _terminate_user_alloc                     - Undefined Weak Reference
    _terminateio                              - Undefined Weak Reference
    __Vectors_Size                           0x00000238   Number         0  startup_stm32u575xx.o ABSOLUTE
    __Vectors                                0x08000000   Data           4  startup_stm32u575xx.o(RESET)
    __Vectors_End                            0x08000238   Data           0  startup_stm32u575xx.o(RESET)
    __main                                   0x08000239   Thumb Code     8  __main.o(!!!main)
    __scatterload                            0x08000241   Thumb Code     0  __scatter.o(!!!scatter)
    __scatterload_rt2                        0x08000241   Thumb Code    44  __scatter.o(!!!scatter)
    __scatterload_rt2_thumb_only             0x08000241   Thumb Code     0  __scatter.o(!!!scatter)
    __scatterload_null                       0x0800024f   Thumb Code     0  __scatter.o(!!!scatter)
    __scatterload_copy                       0x08000275   Thumb Code    26  __scatter_copy.o(!!handler_copy)
    __scatterload_zeroinit                   0x08000291   Thumb Code    28  __scatter_zi.o(!!handler_zi)
    __rt_lib_init                            0x080002ad   Thumb Code     0  libinit.o(.ARM.Collect$$libinit$$00000000)
    __rt_lib_init_fp_1                       0x080002af   Thumb Code     0  libinit2.o(.ARM.Collect$$libinit$$00000001)
    __rt_lib_init_alloca_1                   0x080002b3   Thumb Code     0  libinit2.o(.ARM.Collect$$libinit$$0000002E)
    __rt_lib_init_argv_1                     0x080002b3   Thumb Code     0  libinit2.o(.ARM.Collect$$libinit$$0000002C)
    __rt_lib_init_atexit_1                   0x080002b3   Thumb Code     0  libinit2.o(.ARM.Collect$$libinit$$0000001B)
    __rt_lib_init_clock_1                    0x080002b3   Thumb Code     0  libinit2.o(.ARM.Collect$$libinit$$00000021)
    __rt_lib_init_cpp_1                      0x080002b3   Thumb Code     0  libinit2.o(.ARM.Collect$$libinit$$00000032)
    __rt_lib_init_exceptions_1               0x080002b3   Thumb Code     0  libinit2.o(.ARM.Collect$$libinit$$00000030)
    __rt_lib_init_fp_trap_1                  0x080002b3   Thumb Code     0  libinit2.o(.ARM.Collect$$libinit$$0000001F)
    __rt_lib_init_getenv_1                   0x080002b3   Thumb Code     0  libinit2.o(.ARM.Collect$$libinit$$00000023)
    __rt_lib_init_heap_1                     0x080002b3   Thumb Code     0  libinit2.o(.ARM.Collect$$libinit$$0000000A)
    __rt_lib_init_lc_collate_1               0x080002b3   Thumb Code     0  libinit2.o(.ARM.Collect$$libinit$$00000011)
    __rt_lib_init_lc_ctype_1                 0x080002b3   Thumb Code     0  libinit2.o(.ARM.Collect$$libinit$$00000013)
    __rt_lib_init_lc_monetary_1              0x080002b3   Thumb Code     0  libinit2.o(.ARM.Collect$$libinit$$00000015)
    __rt_lib_init_lc_numeric_1               0x080002b3   Thumb Code     0  libinit2.o(.ARM.Collect$$libinit$$00000017)
    __rt_lib_init_lc_time_1                  0x080002b3   Thumb Code     0  libinit2.o(.ARM.Collect$$libinit$$00000019)
    __rt_lib_init_preinit_1                  0x080002b3   Thumb Code     0  libinit2.o(.ARM.Collect$$libinit$$00000004)
    __rt_lib_init_rand_1                     0x080002b3   Thumb Code     0  libinit2.o(.ARM.Collect$$libinit$$0000000E)
    __rt_lib_init_return                     0x080002b3   Thumb Code     0  libinit2.o(.ARM.Collect$$libinit$$00000033)
    __rt_lib_init_signal_1                   0x080002b3   Thumb Code     0  libinit2.o(.ARM.Collect$$libinit$$0000001D)
    __rt_lib_init_stdio_1                    0x080002b3   Thumb Code     0  libinit2.o(.ARM.Collect$$libinit$$00000025)
    __rt_lib_init_user_alloc_1               0x080002b3   Thumb Code     0  libinit2.o(.ARM.Collect$$libinit$$0000000C)
    __rt_lib_shutdown                        0x080002b5   Thumb Code     0  libshutdown.o(.ARM.Collect$$libshutdown$$00000000)
    __rt_lib_shutdown_cpp_1                  0x080002b7   Thumb Code     0  libshutdown2.o(.ARM.Collect$$libshutdown$$00000002)
    __rt_lib_shutdown_fp_trap_1              0x080002b7   Thumb Code     0  libshutdown2.o(.ARM.Collect$$libshutdown$$00000007)
    __rt_lib_shutdown_heap_1                 0x080002b7   Thumb Code     0  libshutdown2.o(.ARM.Collect$$libshutdown$$0000000F)
    __rt_lib_shutdown_return                 0x080002b7   Thumb Code     0  libshutdown2.o(.ARM.Collect$$libshutdown$$00000010)
    __rt_lib_shutdown_signal_1               0x080002b7   Thumb Code     0  libshutdown2.o(.ARM.Collect$$libshutdown$$0000000A)
    __rt_lib_shutdown_stdio_1                0x080002b7   Thumb Code     0  libshutdown2.o(.ARM.Collect$$libshutdown$$00000004)
    __rt_lib_shutdown_user_alloc_1           0x080002b7   Thumb Code     0  libshutdown2.o(.ARM.Collect$$libshutdown$$0000000C)
    __rt_entry                               0x080002b9   Thumb Code     0  __rtentry.o(.ARM.Collect$$rtentry$$00000000)
    __rt_entry_presh_1                       0x080002b9   Thumb Code     0  __rtentry2.o(.ARM.Collect$$rtentry$$00000002)
    __rt_entry_sh                            0x080002b9   Thumb Code     0  __rtentry4.o(.ARM.Collect$$rtentry$$00000004)
    __rt_entry_li                            0x080002bf   Thumb Code     0  __rtentry2.o(.ARM.Collect$$rtentry$$0000000A)
    __rt_entry_postsh_1                      0x080002bf   Thumb Code     0  __rtentry2.o(.ARM.Collect$$rtentry$$00000009)
    __rt_entry_main                          0x080002c3   Thumb Code     0  __rtentry2.o(.ARM.Collect$$rtentry$$0000000D)
    __rt_entry_postli_1                      0x080002c3   Thumb Code     0  __rtentry2.o(.ARM.Collect$$rtentry$$0000000C)
    __rt_exit                                0x080002cb   Thumb Code     0  rtexit.o(.ARM.Collect$$rtexit$$00000000)
    __rt_exit_ls                             0x080002cd   Thumb Code     0  rtexit2.o(.ARM.Collect$$rtexit$$00000003)
    __rt_exit_prels_1                        0x080002cd   Thumb Code     0  rtexit2.o(.ARM.Collect$$rtexit$$00000002)
    __rt_exit_exit                           0x080002d1   Thumb Code     0  rtexit2.o(.ARM.Collect$$rtexit$$00000004)
    Reset_Handler                            0x080002d9   Thumb Code     8  startup_stm32u575xx.o(.text)
    SecureFault_Handler                      0x080002eb   Thumb Code     2  startup_stm32u575xx.o(.text)
    ADC1_IRQHandler                          0x080002f5   Thumb Code     0  startup_stm32u575xx.o(.text)
    ADC4_IRQHandler                          0x080002f5   Thumb Code     0  startup_stm32u575xx.o(.text)
    ADF1_IRQHandler                          0x080002f5   Thumb Code     0  startup_stm32u575xx.o(.text)
    COMP_IRQHandler                          0x080002f5   Thumb Code     0  startup_stm32u575xx.o(.text)
    CORDIC_IRQHandler                        0x080002f5   Thumb Code     0  startup_stm32u575xx.o(.text)
    CRS_IRQHandler                           0x080002f5   Thumb Code     0  startup_stm32u575xx.o(.text)
    DAC1_IRQHandler                          0x080002f5   Thumb Code     0  startup_stm32u575xx.o(.text)
    DCACHE1_IRQHandler                       0x080002f5   Thumb Code     0  startup_stm32u575xx.o(.text)
    DCMI_PSSI_IRQHandler                     0x080002f5   Thumb Code     0  startup_stm32u575xx.o(.text)
    DMA2D_IRQHandler                         0x080002f5   Thumb Code     0  startup_stm32u575xx.o(.text)
    EXTI0_IRQHandler                         0x080002f5   Thumb Code     0  startup_stm32u575xx.o(.text)
    EXTI10_IRQHandler                        0x080002f5   Thumb Code     0  startup_stm32u575xx.o(.text)
    EXTI11_IRQHandler                        0x080002f5   Thumb Code     0  startup_stm32u575xx.o(.text)
    EXTI12_IRQHandler                        0x080002f5   Thumb Code     0  startup_stm32u575xx.o(.text)
    EXTI13_IRQHandler                        0x080002f5   Thumb Code     0  startup_stm32u575xx.o(.text)
    EXTI14_IRQHandler                        0x080002f5   Thumb Code     0  startup_stm32u575xx.o(.text)
    EXTI15_IRQHandler                        0x080002f5   Thumb Code     0  startup_stm32u575xx.o(.text)
    EXTI1_IRQHandler                         0x080002f5   Thumb Code     0  startup_stm32u575xx.o(.text)
    EXTI2_IRQHandler                         0x080002f5   Thumb Code     0  startup_stm32u575xx.o(.text)
    EXTI3_IRQHandler                         0x080002f5   Thumb Code     0  startup_stm32u575xx.o(.text)
    EXTI4_IRQHandler                         0x080002f5   Thumb Code     0  startup_stm32u575xx.o(.text)
    EXTI5_IRQHandler                         0x080002f5   Thumb Code     0  startup_stm32u575xx.o(.text)
    EXTI6_IRQHandler                         0x080002f5   Thumb Code     0  startup_stm32u575xx.o(.text)
    EXTI7_IRQHandler                         0x080002f5   Thumb Code     0  startup_stm32u575xx.o(.text)
    EXTI8_IRQHandler                         0x080002f5   Thumb Code     0  startup_stm32u575xx.o(.text)
    EXTI9_IRQHandler                         0x080002f5   Thumb Code     0  startup_stm32u575xx.o(.text)
    FDCAN1_IT0_IRQHandler                    0x080002f5   Thumb Code     0  startup_stm32u575xx.o(.text)
    FDCAN1_IT1_IRQHandler                    0x080002f5   Thumb Code     0  startup_stm32u575xx.o(.text)
    FLASH_IRQHandler                         0x080002f5   Thumb Code     0  startup_stm32u575xx.o(.text)
    FLASH_S_IRQHandler                       0x080002f5   Thumb Code     0  startup_stm32u575xx.o(.text)
    FMAC_IRQHandler                          0x080002f5   Thumb Code     0  startup_stm32u575xx.o(.text)
    FMC_IRQHandler                           0x080002f5   Thumb Code     0  startup_stm32u575xx.o(.text)
    FPU_IRQHandler                           0x080002f5   Thumb Code     0  startup_stm32u575xx.o(.text)
    GPDMA1_Channel0_IRQHandler               0x080002f5   Thumb Code     0  startup_stm32u575xx.o(.text)
    GPDMA1_Channel10_IRQHandler              0x080002f5   Thumb Code     0  startup_stm32u575xx.o(.text)
    GPDMA1_Channel11_IRQHandler              0x080002f5   Thumb Code     0  startup_stm32u575xx.o(.text)
    GPDMA1_Channel12_IRQHandler              0x080002f5   Thumb Code     0  startup_stm32u575xx.o(.text)
    GPDMA1_Channel13_IRQHandler              0x080002f5   Thumb Code     0  startup_stm32u575xx.o(.text)
    GPDMA1_Channel14_IRQHandler              0x080002f5   Thumb Code     0  startup_stm32u575xx.o(.text)
    GPDMA1_Channel15_IRQHandler              0x080002f5   Thumb Code     0  startup_stm32u575xx.o(.text)
    GPDMA1_Channel1_IRQHandler               0x080002f5   Thumb Code     0  startup_stm32u575xx.o(.text)
    GPDMA1_Channel2_IRQHandler               0x080002f5   Thumb Code     0  startup_stm32u575xx.o(.text)
    GPDMA1_Channel3_IRQHandler               0x080002f5   Thumb Code     0  startup_stm32u575xx.o(.text)
    GPDMA1_Channel4_IRQHandler               0x080002f5   Thumb Code     0  startup_stm32u575xx.o(.text)
    GPDMA1_Channel5_IRQHandler               0x080002f5   Thumb Code     0  startup_stm32u575xx.o(.text)
    GPDMA1_Channel6_IRQHandler               0x080002f5   Thumb Code     0  startup_stm32u575xx.o(.text)
    GPDMA1_Channel7_IRQHandler               0x080002f5   Thumb Code     0  startup_stm32u575xx.o(.text)
    GPDMA1_Channel8_IRQHandler               0x080002f5   Thumb Code     0  startup_stm32u575xx.o(.text)
    GPDMA1_Channel9_IRQHandler               0x080002f5   Thumb Code     0  startup_stm32u575xx.o(.text)
    GTZC_IRQHandler                          0x080002f5   Thumb Code     0  startup_stm32u575xx.o(.text)
    HASH_IRQHandler                          0x080002f5   Thumb Code     0  startup_stm32u575xx.o(.text)
    I2C1_ER_IRQHandler                       0x080002f5   Thumb Code     0  startup_stm32u575xx.o(.text)
    I2C1_EV_IRQHandler                       0x080002f5   Thumb Code     0  startup_stm32u575xx.o(.text)
    I2C2_ER_IRQHandler                       0x080002f5   Thumb Code     0  startup_stm32u575xx.o(.text)
    I2C2_EV_IRQHandler                       0x080002f5   Thumb Code     0  startup_stm32u575xx.o(.text)
    I2C3_ER_IRQHandler                       0x080002f5   Thumb Code     0  startup_stm32u575xx.o(.text)
    I2C3_EV_IRQHandler                       0x080002f5   Thumb Code     0  startup_stm32u575xx.o(.text)
    I2C4_ER_IRQHandler                       0x080002f5   Thumb Code     0  startup_stm32u575xx.o(.text)
    I2C4_EV_IRQHandler                       0x080002f5   Thumb Code     0  startup_stm32u575xx.o(.text)
    ICACHE_IRQHandler                        0x080002f5   Thumb Code     0  startup_stm32u575xx.o(.text)
    IWDG_IRQHandler                          0x080002f5   Thumb Code     0  startup_stm32u575xx.o(.text)
    LPDMA1_Channel0_IRQHandler               0x080002f5   Thumb Code     0  startup_stm32u575xx.o(.text)
    LPDMA1_Channel1_IRQHandler               0x080002f5   Thumb Code     0  startup_stm32u575xx.o(.text)
    LPDMA1_Channel2_IRQHandler               0x080002f5   Thumb Code     0  startup_stm32u575xx.o(.text)
    LPDMA1_Channel3_IRQHandler               0x080002f5   Thumb Code     0  startup_stm32u575xx.o(.text)
    LPTIM1_IRQHandler                        0x080002f5   Thumb Code     0  startup_stm32u575xx.o(.text)
    LPTIM2_IRQHandler                        0x080002f5   Thumb Code     0  startup_stm32u575xx.o(.text)
    LPTIM3_IRQHandler                        0x080002f5   Thumb Code     0  startup_stm32u575xx.o(.text)
    LPTIM4_IRQHandler                        0x080002f5   Thumb Code     0  startup_stm32u575xx.o(.text)
    LPUART1_IRQHandler                       0x080002f5   Thumb Code     0  startup_stm32u575xx.o(.text)
    LSECSSD_IRQHandler                       0x080002f5   Thumb Code     0  startup_stm32u575xx.o(.text)
    MDF1_FLT0_IRQHandler                     0x080002f5   Thumb Code     0  startup_stm32u575xx.o(.text)
    MDF1_FLT1_IRQHandler                     0x080002f5   Thumb Code     0  startup_stm32u575xx.o(.text)
    MDF1_FLT2_IRQHandler                     0x080002f5   Thumb Code     0  startup_stm32u575xx.o(.text)
    MDF1_FLT3_IRQHandler                     0x080002f5   Thumb Code     0  startup_stm32u575xx.o(.text)
    MDF1_FLT4_IRQHandler                     0x080002f5   Thumb Code     0  startup_stm32u575xx.o(.text)
    MDF1_FLT5_IRQHandler                     0x080002f5   Thumb Code     0  startup_stm32u575xx.o(.text)
    OCTOSPI1_IRQHandler                      0x080002f5   Thumb Code     0  startup_stm32u575xx.o(.text)
    OCTOSPI2_IRQHandler                      0x080002f5   Thumb Code     0  startup_stm32u575xx.o(.text)
    OTG_FS_IRQHandler                        0x080002f5   Thumb Code     0  startup_stm32u575xx.o(.text)
    PVD_PVM_IRQHandler                       0x080002f5   Thumb Code     0  startup_stm32u575xx.o(.text)
    PWR_S3WU_IRQHandler                      0x080002f5   Thumb Code     0  startup_stm32u575xx.o(.text)
    RAMCFG_IRQHandler                        0x080002f5   Thumb Code     0  startup_stm32u575xx.o(.text)
    RCC_IRQHandler                           0x080002f5   Thumb Code     0  startup_stm32u575xx.o(.text)
    RCC_S_IRQHandler                         0x080002f5   Thumb Code     0  startup_stm32u575xx.o(.text)
    RNG_IRQHandler                           0x080002f5   Thumb Code     0  startup_stm32u575xx.o(.text)
    RTC_IRQHandler                           0x080002f5   Thumb Code     0  startup_stm32u575xx.o(.text)
    RTC_S_IRQHandler                         0x080002f5   Thumb Code     0  startup_stm32u575xx.o(.text)
    SAI1_IRQHandler                          0x080002f5   Thumb Code     0  startup_stm32u575xx.o(.text)
    SAI2_IRQHandler                          0x080002f5   Thumb Code     0  startup_stm32u575xx.o(.text)
    SDMMC1_IRQHandler                        0x080002f5   Thumb Code     0  startup_stm32u575xx.o(.text)
    SDMMC2_IRQHandler                        0x080002f5   Thumb Code     0  startup_stm32u575xx.o(.text)
    SPI1_IRQHandler                          0x080002f5   Thumb Code     0  startup_stm32u575xx.o(.text)
    SPI2_IRQHandler                          0x080002f5   Thumb Code     0  startup_stm32u575xx.o(.text)
    SPI3_IRQHandler                          0x080002f5   Thumb Code     0  startup_stm32u575xx.o(.text)
    TAMP_IRQHandler                          0x080002f5   Thumb Code     0  startup_stm32u575xx.o(.text)
    TIM15_IRQHandler                         0x080002f5   Thumb Code     0  startup_stm32u575xx.o(.text)
    TIM16_IRQHandler                         0x080002f5   Thumb Code     0  startup_stm32u575xx.o(.text)
    TIM17_IRQHandler                         0x080002f5   Thumb Code     0  startup_stm32u575xx.o(.text)
    TIM1_BRK_IRQHandler                      0x080002f5   Thumb Code     0  startup_stm32u575xx.o(.text)
    TIM1_CC_IRQHandler                       0x080002f5   Thumb Code     0  startup_stm32u575xx.o(.text)
    TIM1_TRG_COM_IRQHandler                  0x080002f5   Thumb Code     0  startup_stm32u575xx.o(.text)
    TIM1_UP_IRQHandler                       0x080002f5   Thumb Code     0  startup_stm32u575xx.o(.text)
    TIM2_IRQHandler                          0x080002f5   Thumb Code     0  startup_stm32u575xx.o(.text)
    TIM3_IRQHandler                          0x080002f5   Thumb Code     0  startup_stm32u575xx.o(.text)
    TIM4_IRQHandler                          0x080002f5   Thumb Code     0  startup_stm32u575xx.o(.text)
    TIM5_IRQHandler                          0x080002f5   Thumb Code     0  startup_stm32u575xx.o(.text)
    TIM6_IRQHandler                          0x080002f5   Thumb Code     0  startup_stm32u575xx.o(.text)
    TIM7_IRQHandler                          0x080002f5   Thumb Code     0  startup_stm32u575xx.o(.text)
    TIM8_BRK_IRQHandler                      0x080002f5   Thumb Code     0  startup_stm32u575xx.o(.text)
    TIM8_CC_IRQHandler                       0x080002f5   Thumb Code     0  startup_stm32u575xx.o(.text)
    TIM8_TRG_COM_IRQHandler                  0x080002f5   Thumb Code     0  startup_stm32u575xx.o(.text)
    TIM8_UP_IRQHandler                       0x080002f5   Thumb Code     0  startup_stm32u575xx.o(.text)
    TSC_IRQHandler                           0x080002f5   Thumb Code     0  startup_stm32u575xx.o(.text)
    UART4_IRQHandler                         0x080002f5   Thumb Code     0  startup_stm32u575xx.o(.text)
    UART5_IRQHandler                         0x080002f5   Thumb Code     0  startup_stm32u575xx.o(.text)
    UCPD1_IRQHandler                         0x080002f5   Thumb Code     0  startup_stm32u575xx.o(.text)
    USART1_IRQHandler                        0x080002f5   Thumb Code     0  startup_stm32u575xx.o(.text)
    USART2_IRQHandler                        0x080002f5   Thumb Code     0  startup_stm32u575xx.o(.text)
    USART3_IRQHandler                        0x080002f5   Thumb Code     0  startup_stm32u575xx.o(.text)
    WWDG_IRQHandler                          0x080002f5   Thumb Code     0  startup_stm32u575xx.o(.text)
    __user_initial_stackheap                 0x080002f9   Thumb Code    10  startup_stm32u575xx.o(.text)
    __aeabi_memclr4                          0x0800031d   Thumb Code     0  rt_memclr_w.o(.text)
    __aeabi_memclr8                          0x0800031d   Thumb Code     0  rt_memclr_w.o(.text)
    __rt_memclr_w                            0x0800031d   Thumb Code    78  rt_memclr_w.o(.text)
    _memset_w                                0x08000321   Thumb Code     0  rt_memclr_w.o(.text)
    __use_two_region_memory                  0x0800036b   Thumb Code     2  heapauxi.o(.text)
    __rt_heap_escrow$2region                 0x0800036d   Thumb Code     2  heapauxi.o(.text)
    __rt_heap_expand$2region                 0x0800036f   Thumb Code     2  heapauxi.o(.text)
    __user_setup_stackheap                   0x08000371   Thumb Code    74  sys_stackheap_outer.o(.text)
    exit                                     0x080003bb   Thumb Code    18  exit.o(.text)
    __user_libspace                          0x080003cd   Thumb Code     8  libspace.o(.text)
    __user_perproc_libspace                  0x080003cd   Thumb Code     0  libspace.o(.text)
    __user_perthread_libspace                0x080003cd   Thumb Code     0  libspace.o(.text)
    _sys_exit                                0x080003d5   Thumb Code     8  sys_exit.o(.text)
    __I$use$semihosting                      0x080003e1   Thumb Code     0  use_no_semi.o(.text)
    __use_no_semihosting_swi                 0x080003e1   Thumb Code     2  use_no_semi.o(.text)
    __semihosting_library_function           0x080003e3   Thumb Code     0  indicate_semi.o(.text)
    BusFault_Handler                         0x080003e5   Thumb Code     2  stm32u5xx_it.o(.text.BusFault_Handler)
    DebugMon_Handler                         0x080003e9   Thumb Code     2  stm32u5xx_it.o(.text.DebugMon_Handler)
    Error_Handler                            0x080003ed   Thumb Code     6  main.o(.text.Error_Handler)
    HAL_Delay                                0x080003f5   Thumb Code    40  stm32u5xx_hal.o(.text.HAL_Delay)
    HAL_GPIO_Init                            0x0800041d   Thumb Code   538  stm32u5xx_hal_gpio.o(.text.HAL_GPIO_Init)
    HAL_GPIO_WritePin                        0x08000639   Thumb Code    12  stm32u5xx_hal_gpio.o(.text.HAL_GPIO_WritePin)
    HAL_GetTick                              0x08000645   Thumb Code    12  stm32u5xx_hal.o(.text.HAL_GetTick)
    HAL_ICACHE_ConfigAssociativityMode       0x08000651   Thumb Code    32  stm32u5xx_hal_icache.o(.text.HAL_ICACHE_ConfigAssociativityMode)
    HAL_ICACHE_Enable                        0x08000671   Thumb Code    20  stm32u5xx_hal_icache.o(.text.HAL_ICACHE_Enable)
    HAL_IncTick                              0x08000685   Thumb Code    26  stm32u5xx_hal.o(.text.HAL_IncTick)
    HAL_Init                                 0x080006a1   Thumb Code    92  stm32u5xx_hal.o(.text.HAL_Init)
    HAL_InitTick                             0x080006fd   Thumb Code   184  stm32u5xx_hal.o(.text.HAL_InitTick)
    HAL_MspInit                              0x080007b5   Thumb Code    32  stm32u5xx_hal_msp.o(.text.HAL_MspInit)
    HAL_NVIC_SetPriority                     0x080007d5   Thumb Code    86  stm32u5xx_hal_cortex.o(.text.HAL_NVIC_SetPriority)
    HAL_NVIC_SetPriorityGrouping             0x0800082d   Thumb Code    32  stm32u5xx_hal_cortex.o(.text.HAL_NVIC_SetPriorityGrouping)
    HAL_PWREx_ControlVoltageScaling          0x0800084d   Thumb Code   314  stm32u5xx_hal_pwr_ex.o(.text.HAL_PWREx_ControlVoltageScaling)
    HAL_PWREx_GetVoltageRange                0x08000989   Thumb Code    16  stm32u5xx_hal_pwr_ex.o(.text.HAL_PWREx_GetVoltageRange)
    HAL_RCCEx_PeriphCLKConfig                0x08000999   Thumb Code  1882  stm32u5xx_hal_rcc_ex.o(.text.HAL_RCCEx_PeriphCLKConfig)
    HAL_RCC_ClockConfig                      0x080010f5   Thumb Code   786  stm32u5xx_hal_rcc.o(.text.HAL_RCC_ClockConfig)
    HAL_RCC_GetSysClockFreq                  0x08001409   Thumb Code   268  stm32u5xx_hal_rcc.o(.text.HAL_RCC_GetSysClockFreq)
    HAL_RCC_OscConfig                        0x08001515   Thumb Code  2930  stm32u5xx_hal_rcc.o(.text.HAL_RCC_OscConfig)
    HAL_SPIEx_SetConfigAutonomousMode        0x08002089   Thumb Code    74  stm32u5xx_hal_spi_ex.o(.text.HAL_SPIEx_SetConfigAutonomousMode)
    HAL_SPI_Init                             0x080020d5   Thumb Code   436  stm32u5xx_hal_spi.o(.text.HAL_SPI_Init)
    HAL_SPI_MspInit                          0x08002289   Thumb Code   152  spi.o(.text.HAL_SPI_MspInit)
    HAL_SPI_Transmit                         0x08002321   Thumb Code  1028  stm32u5xx_hal_spi.o(.text.HAL_SPI_Transmit)
    HAL_SYSTICK_CLKSourceConfig              0x08002725   Thumb Code   140  stm32u5xx_hal_cortex.o(.text.HAL_SYSTICK_CLKSourceConfig)
    HAL_SYSTICK_Config                       0x080027b1   Thumb Code    36  stm32u5xx_hal_cortex.o(.text.HAL_SYSTICK_Config)
    HAL_SYSTICK_GetCLKSourceConfig           0x080027d5   Thumb Code    52  stm32u5xx_hal_cortex.o(.text.HAL_SYSTICK_GetCLKSourceConfig)
    HardFault_Handler                        0x08002809   Thumb Code     2  stm32u5xx_it.o(.text.HardFault_Handler)
    ILI9341_Clear                            0x0800280d   Thumb Code   256  bsp_ili9341_4line.o(.text.ILI9341_Clear)
    ILI9341_Display_Dir                      0x0800290d   Thumb Code   386  bsp_ili9341_4line.o(.text.ILI9341_Display_Dir)
    ILI9341_Init                             0x08002a91   Thumb Code  2418  bsp_ili9341_4line.o(.text.ILI9341_Init)
    MX_GPIO_Init                             0x08003405   Thumb Code    76  gpio.o(.text.MX_GPIO_Init)
    MX_ICACHE_Init                           0x08003451   Thumb Code    34  icache.o(.text.MX_ICACHE_Init)
    MX_SPI1_Init                             0x08003475   Thumb Code   134  spi.o(.text.MX_SPI1_Init)
    MemManage_Handler                        0x080034fd   Thumb Code     2  stm32u5xx_it.o(.text.MemManage_Handler)
    NMI_Handler                              0x08003501   Thumb Code     2  stm32u5xx_it.o(.text.NMI_Handler)
    PendSV_Handler                           0x08003505   Thumb Code     2  stm32u5xx_it.o(.text.PendSV_Handler)
    SVC_Handler                              0x080037c9   Thumb Code     2  stm32u5xx_it.o(.text.SVC_Handler)
    SysTick_Handler                          0x080037cd   Thumb Code     4  stm32u5xx_it.o(.text.SysTick_Handler)
    SystemInit                               0x080037d1   Thumb Code    76  system_stm32u5xx.o(.text.SystemInit)
    UsageFault_Handler                       0x0800381d   Thumb Code     2  stm32u5xx_it.o(.text.UsageFault_Handler)
    main                                     0x08003821   Thumb Code   158  main.o(.text.main)
    _fp_init                                 0x080038bf   Thumb Code    26  fpinit.o(x$fpl$fpinit)
    __fplib_config_fpu_vfp                   0x080038d7   Thumb Code     0  fpinit.o(x$fpl$fpinit)
    __fplib_config_pureend_doubles           0x080038d7   Thumb Code     0  fpinit.o(x$fpl$fpinit)
    AHBPrescTable                            0x080038d8   Data          16  system_stm32u5xx.o(.rodata.AHBPrescTable)
    MSIRangeTable                            0x08003968   Data          64  system_stm32u5xx.o(.rodata.MSIRangeTable)
    Region$$Table$$Base                      0x080039a8   Number         0  anon$$obj.o(Region$$Table)
    Region$$Table$$Limit                     0x080039c8   Number         0  anon$$obj.o(Region$$Table)
    uwTickFreq                               0x20000000   Data           1  stm32u5xx_hal.o(.data..L_MergedGlobals)
    uwTickPrio                               0x20000004   Data           4  stm32u5xx_hal.o(.data..L_MergedGlobals)
    SystemCoreClock                          0x20000008   Data           4  system_stm32u5xx.o(.data.SystemCoreClock)
    __libspace_start                         0x20000010   Data          96  libspace.o(.bss)
    __temporary_stack_top$libspace           0x20000070   Data           0  libspace.o(.bss)
    hspi1                                    0x2000007c   Data         144  spi.o(.bss.hspi1)
    uwTick                                   0x2000010c   Data           4  stm32u5xx_hal.o(.bss.uwTick)



==============================================================================

Memory Map of the image

  Image Entry point : 0x08000239

  Load Region LR_IROM1 (Base: 0x08000000, Size: 0x000039d8, Max: 0x00200000, ABSOLUTE)

    Execution Region ER_IROM1 (Exec base: 0x08000000, Load base: 0x08000000, Size: 0x000039c8, Max: 0x00200000, ABSOLUTE)

    Exec Addr    Load Addr    Size         Type   Attr      Idx    E Section Name        Object

    0x08000000   0x08000000   0x00000238   Data   RO            3    RESET               startup_stm32u575xx.o
    0x08000238   0x08000238   0x00000008   Code   RO         1044  * !!!main             c_w.l(__main.o)
    0x08000240   0x08000240   0x00000034   Code   RO         1207    !!!scatter          c_w.l(__scatter.o)
    0x08000274   0x08000274   0x0000001a   Code   RO         1209    !!handler_copy      c_w.l(__scatter_copy.o)
    0x0800028e   0x0800028e   0x00000002   PAD
    0x08000290   0x08000290   0x0000001c   Code   RO         1211    !!handler_zi        c_w.l(__scatter_zi.o)
    0x080002ac   0x080002ac   0x00000002   Code   RO         1071    .ARM.Collect$$libinit$$00000000  c_w.l(libinit.o)
    0x080002ae   0x080002ae   0x00000004   Code   RO         1077    .ARM.Collect$$libinit$$00000001  c_w.l(libinit2.o)
    0x080002b2   0x080002b2   0x00000000   Code   RO         1080    .ARM.Collect$$libinit$$00000004  c_w.l(libinit2.o)
    0x080002b2   0x080002b2   0x00000000   Code   RO         1083    .ARM.Collect$$libinit$$0000000A  c_w.l(libinit2.o)
    0x080002b2   0x080002b2   0x00000000   Code   RO         1085    .ARM.Collect$$libinit$$0000000C  c_w.l(libinit2.o)
    0x080002b2   0x080002b2   0x00000000   Code   RO         1087    .ARM.Collect$$libinit$$0000000E  c_w.l(libinit2.o)
    0x080002b2   0x080002b2   0x00000000   Code   RO         1090    .ARM.Collect$$libinit$$00000011  c_w.l(libinit2.o)
    0x080002b2   0x080002b2   0x00000000   Code   RO         1092    .ARM.Collect$$libinit$$00000013  c_w.l(libinit2.o)
    0x080002b2   0x080002b2   0x00000000   Code   RO         1094    .ARM.Collect$$libinit$$00000015  c_w.l(libinit2.o)
    0x080002b2   0x080002b2   0x00000000   Code   RO         1096    .ARM.Collect$$libinit$$00000017  c_w.l(libinit2.o)
    0x080002b2   0x080002b2   0x00000000   Code   RO         1098    .ARM.Collect$$libinit$$00000019  c_w.l(libinit2.o)
    0x080002b2   0x080002b2   0x00000000   Code   RO         1100    .ARM.Collect$$libinit$$0000001B  c_w.l(libinit2.o)
    0x080002b2   0x080002b2   0x00000000   Code   RO         1102    .ARM.Collect$$libinit$$0000001D  c_w.l(libinit2.o)
    0x080002b2   0x080002b2   0x00000000   Code   RO         1104    .ARM.Collect$$libinit$$0000001F  c_w.l(libinit2.o)
    0x080002b2   0x080002b2   0x00000000   Code   RO         1106    .ARM.Collect$$libinit$$00000021  c_w.l(libinit2.o)
    0x080002b2   0x080002b2   0x00000000   Code   RO         1108    .ARM.Collect$$libinit$$00000023  c_w.l(libinit2.o)
    0x080002b2   0x080002b2   0x00000000   Code   RO         1110    .ARM.Collect$$libinit$$00000025  c_w.l(libinit2.o)
    0x080002b2   0x080002b2   0x00000000   Code   RO         1114    .ARM.Collect$$libinit$$0000002C  c_w.l(libinit2.o)
    0x080002b2   0x080002b2   0x00000000   Code   RO         1116    .ARM.Collect$$libinit$$0000002E  c_w.l(libinit2.o)
    0x080002b2   0x080002b2   0x00000000   Code   RO         1118    .ARM.Collect$$libinit$$00000030  c_w.l(libinit2.o)
    0x080002b2   0x080002b2   0x00000000   Code   RO         1120    .ARM.Collect$$libinit$$00000032  c_w.l(libinit2.o)
    0x080002b2   0x080002b2   0x00000002   Code   RO         1121    .ARM.Collect$$libinit$$00000033  c_w.l(libinit2.o)
    0x080002b4   0x080002b4   0x00000002   Code   RO         1143    .ARM.Collect$$libshutdown$$00000000  c_w.l(libshutdown.o)
    0x080002b6   0x080002b6   0x00000000   Code   RO         1158    .ARM.Collect$$libshutdown$$00000002  c_w.l(libshutdown2.o)
    0x080002b6   0x080002b6   0x00000000   Code   RO         1160    .ARM.Collect$$libshutdown$$00000004  c_w.l(libshutdown2.o)
    0x080002b6   0x080002b6   0x00000000   Code   RO         1163    .ARM.Collect$$libshutdown$$00000007  c_w.l(libshutdown2.o)
    0x080002b6   0x080002b6   0x00000000   Code   RO         1166    .ARM.Collect$$libshutdown$$0000000A  c_w.l(libshutdown2.o)
    0x080002b6   0x080002b6   0x00000000   Code   RO         1168    .ARM.Collect$$libshutdown$$0000000C  c_w.l(libshutdown2.o)
    0x080002b6   0x080002b6   0x00000000   Code   RO         1171    .ARM.Collect$$libshutdown$$0000000F  c_w.l(libshutdown2.o)
    0x080002b6   0x080002b6   0x00000002   Code   RO         1172    .ARM.Collect$$libshutdown$$00000010  c_w.l(libshutdown2.o)
    0x080002b8   0x080002b8   0x00000000   Code   RO         1046    .ARM.Collect$$rtentry$$00000000  c_w.l(__rtentry.o)
    0x080002b8   0x080002b8   0x00000000   Code   RO         1048    .ARM.Collect$$rtentry$$00000002  c_w.l(__rtentry2.o)
    0x080002b8   0x080002b8   0x00000006   Code   RO         1060    .ARM.Collect$$rtentry$$00000004  c_w.l(__rtentry4.o)
    0x080002be   0x080002be   0x00000000   Code   RO         1050    .ARM.Collect$$rtentry$$00000009  c_w.l(__rtentry2.o)
    0x080002be   0x080002be   0x00000004   Code   RO         1051    .ARM.Collect$$rtentry$$0000000A  c_w.l(__rtentry2.o)
    0x080002c2   0x080002c2   0x00000000   Code   RO         1053    .ARM.Collect$$rtentry$$0000000C  c_w.l(__rtentry2.o)
    0x080002c2   0x080002c2   0x00000008   Code   RO         1054    .ARM.Collect$$rtentry$$0000000D  c_w.l(__rtentry2.o)
    0x080002ca   0x080002ca   0x00000002   Code   RO         1075    .ARM.Collect$$rtexit$$00000000  c_w.l(rtexit.o)
    0x080002cc   0x080002cc   0x00000000   Code   RO         1123    .ARM.Collect$$rtexit$$00000002  c_w.l(rtexit2.o)
    0x080002cc   0x080002cc   0x00000004   Code   RO         1124    .ARM.Collect$$rtexit$$00000003  c_w.l(rtexit2.o)
    0x080002d0   0x080002d0   0x00000006   Code   RO         1125    .ARM.Collect$$rtexit$$00000004  c_w.l(rtexit2.o)
    0x080002d6   0x080002d6   0x00000002   PAD
    0x080002d8   0x080002d8   0x00000044   Code   RO            4    .text               startup_stm32u575xx.o
    0x0800031c   0x0800031c   0x0000004e   Code   RO         1040    .text               c_w.l(rt_memclr_w.o)
    0x0800036a   0x0800036a   0x00000006   Code   RO         1042    .text               c_w.l(heapauxi.o)
    0x08000370   0x08000370   0x0000004a   Code   RO         1062    .text               c_w.l(sys_stackheap_outer.o)
    0x080003ba   0x080003ba   0x00000012   Code   RO         1064    .text               c_w.l(exit.o)
    0x080003cc   0x080003cc   0x00000008   Code   RO         1072    .text               c_w.l(libspace.o)
    0x080003d4   0x080003d4   0x0000000c   Code   RO         1133    .text               c_w.l(sys_exit.o)
    0x080003e0   0x080003e0   0x00000002   Code   RO         1148    .text               c_w.l(use_no_semi.o)
    0x080003e2   0x080003e2   0x00000000   Code   RO         1150    .text               c_w.l(indicate_semi.o)
    0x080003e2   0x080003e2   0x00000002   PAD
    0x080003e4   0x080003e4   0x00000002   Code   RO           69    .text.BusFault_Handler  stm32u5xx_it.o
    0x080003e6   0x080003e6   0x00000002   PAD
    0x080003e8   0x080003e8   0x00000002   Code   RO           75    .text.DebugMon_Handler  stm32u5xx_it.o
    0x080003ea   0x080003ea   0x00000002   PAD
    0x080003ec   0x080003ec   0x00000006   Code   RO           15    .text.Error_Handler  main.o
    0x080003f2   0x080003f2   0x00000002   PAD
    0x080003f4   0x080003f4   0x00000028   Code   RO          173    .text.HAL_Delay     stm32u5xx_hal.o
    0x0800041c   0x0800041c   0x0000021a   Code   RO          445    .text.HAL_GPIO_Init  stm32u5xx_hal_gpio.o
    0x08000636   0x08000636   0x00000002   PAD
    0x08000638   0x08000638   0x0000000c   Code   RO          451    .text.HAL_GPIO_WritePin  stm32u5xx_hal_gpio.o
    0x08000644   0x08000644   0x0000000c   Code   RO          165    .text.HAL_GetTick   stm32u5xx_hal.o
    0x08000650   0x08000650   0x00000020   Code   RO          804    .text.HAL_ICACHE_ConfigAssociativityMode  stm32u5xx_hal_icache.o
    0x08000670   0x08000670   0x00000014   Code   RO          808    .text.HAL_ICACHE_Enable  stm32u5xx_hal_icache.o
    0x08000684   0x08000684   0x0000001a   Code   RO          163    .text.HAL_IncTick   stm32u5xx_hal.o
    0x0800069e   0x0800069e   0x00000002   PAD
    0x080006a0   0x080006a0   0x0000005c   Code   RO          153    .text.HAL_Init      stm32u5xx_hal.o
    0x080006fc   0x080006fc   0x000000b8   Code   RO          155    .text.HAL_InitTick  stm32u5xx_hal.o
    0x080007b4   0x080007b4   0x00000020   Code   RO           89    .text.HAL_MspInit   stm32u5xx_hal_msp.o
    0x080007d4   0x080007d4   0x00000056   Code   RO          100    .text.HAL_NVIC_SetPriority  stm32u5xx_hal_cortex.o
    0x0800082a   0x0800082a   0x00000002   PAD
    0x0800082c   0x0800082c   0x00000020   Code   RO           98    .text.HAL_NVIC_SetPriorityGrouping  stm32u5xx_hal_cortex.o
    0x0800084c   0x0800084c   0x0000013a   Code   RO          672    .text.HAL_PWREx_ControlVoltageScaling  stm32u5xx_hal_pwr_ex.o
    0x08000986   0x08000986   0x00000002   PAD
    0x08000988   0x08000988   0x00000010   Code   RO          674    .text.HAL_PWREx_GetVoltageRange  stm32u5xx_hal_pwr_ex.o
    0x08000998   0x08000998   0x0000075a   Code   RO          285    .text.HAL_RCCEx_PeriphCLKConfig  stm32u5xx_hal_rcc_ex.o
    0x080010f2   0x080010f2   0x00000002   PAD
    0x080010f4   0x080010f4   0x00000312   Code   RO          248    .text.HAL_RCC_ClockConfig  stm32u5xx_hal_rcc.o
    0x08001406   0x08001406   0x00000002   PAD
    0x08001408   0x08001408   0x0000010c   Code   RO          250    .text.HAL_RCC_GetSysClockFreq  stm32u5xx_hal_rcc.o
    0x08001514   0x08001514   0x00000b72   Code   RO          244    .text.HAL_RCC_OscConfig  stm32u5xx_hal_rcc.o
    0x08002086   0x08002086   0x00000002   PAD
    0x08002088   0x08002088   0x0000004a   Code   RO          958    .text.HAL_SPIEx_SetConfigAutonomousMode  stm32u5xx_hal_spi_ex.o
    0x080020d2   0x080020d2   0x00000002   PAD
    0x080020d4   0x080020d4   0x000001b4   Code   RO          849    .text.HAL_SPI_Init  stm32u5xx_hal_spi.o
    0x08002288   0x08002288   0x00000098   Code   RO           49    .text.HAL_SPI_MspInit  spi.o
    0x08002320   0x08002320   0x00000404   Code   RO          857    .text.HAL_SPI_Transmit  stm32u5xx_hal_spi.o
    0x08002724   0x08002724   0x0000008c   Code   RO          124    .text.HAL_SYSTICK_CLKSourceConfig  stm32u5xx_hal_cortex.o
    0x080027b0   0x080027b0   0x00000024   Code   RO          110    .text.HAL_SYSTICK_Config  stm32u5xx_hal_cortex.o
    0x080027d4   0x080027d4   0x00000034   Code   RO          126    .text.HAL_SYSTICK_GetCLKSourceConfig  stm32u5xx_hal_cortex.o
    0x08002808   0x08002808   0x00000002   Code   RO           65    .text.HardFault_Handler  stm32u5xx_it.o
    0x0800280a   0x0800280a   0x00000002   PAD
    0x0800280c   0x0800280c   0x00000100   Code   RO         1008    .text.ILI9341_Clear  bsp_ili9341_4line.o
    0x0800290c   0x0800290c   0x00000182   Code   RO         1004    .text.ILI9341_Display_Dir  bsp_ili9341_4line.o
    0x08002a8e   0x08002a8e   0x00000002   PAD
    0x08002a90   0x08002a90   0x00000972   Code   RO         1006    .text.ILI9341_Init  bsp_ili9341_4line.o
    0x08003402   0x08003402   0x00000002   PAD
    0x08003404   0x08003404   0x0000004c   Code   RO           27    .text.MX_GPIO_Init  gpio.o
    0x08003450   0x08003450   0x00000022   Code   RO           37    .text.MX_ICACHE_Init  icache.o
    0x08003472   0x08003472   0x00000002   PAD
    0x08003474   0x08003474   0x00000086   Code   RO           47    .text.MX_SPI1_Init  spi.o
    0x080034fa   0x080034fa   0x00000002   PAD
    0x080034fc   0x080034fc   0x00000002   Code   RO           67    .text.MemManage_Handler  stm32u5xx_it.o
    0x080034fe   0x080034fe   0x00000002   PAD
    0x08003500   0x08003500   0x00000002   Code   RO           63    .text.NMI_Handler   stm32u5xx_it.o
    0x08003502   0x08003502   0x00000002   PAD
    0x08003504   0x08003504   0x00000002   Code   RO           77    .text.PendSV_Handler  stm32u5xx_it.o
    0x08003506   0x08003506   0x00000002   PAD
    0x08003508   0x08003508   0x000000fc   Code   RO          287    .text.RCCEx_PLL2_Config  stm32u5xx_hal_rcc_ex.o
    0x08003604   0x08003604   0x000000fc   Code   RO          289    .text.RCCEx_PLL3_Config  stm32u5xx_hal_rcc_ex.o
    0x08003700   0x08003700   0x000000c8   Code   RO          859    .text.SPI_CloseTransfer  stm32u5xx_hal_spi.o
    0x080037c8   0x080037c8   0x00000002   Code   RO           73    .text.SVC_Handler   stm32u5xx_it.o
    0x080037ca   0x080037ca   0x00000002   PAD
    0x080037cc   0x080037cc   0x00000004   Code   RO           79    .text.SysTick_Handler  stm32u5xx_it.o
    0x080037d0   0x080037d0   0x0000004c   Code   RO          973    .text.SystemInit    system_stm32u5xx.o
    0x0800381c   0x0800381c   0x00000002   Code   RO           71    .text.UsageFault_Handler  stm32u5xx_it.o
    0x0800381e   0x0800381e   0x00000002   PAD
    0x08003820   0x08003820   0x0000009e   Code   RO           11    .text.main          main.o
    0x080038be   0x080038be   0x0000001a   Code   RO         1131    x$fpl$fpinit        fz_wm.l(fpinit.o)
    0x080038d8   0x080038d8   0x00000010   Data   RO          978    .rodata.AHBPrescTable  system_stm32u5xx.o
    0x080038e8   0x080038e8   0x00000080   Data   RO          469    .rodata.LPGPIO_Map  stm32u5xx_hal_gpio.o
    0x08003968   0x08003968   0x00000040   Data   RO          980    .rodata.MSIRangeTable  system_stm32u5xx.o
    0x080039a8   0x080039a8   0x00000020   Data   RO         1206    Region$$Table       anon$$obj.o


    Execution Region RW_IRAM1 (Exec base: 0x20000000, Load base: 0x080039c8, Size: 0x00006110, Max: 0x000c0000, ABSOLUTE)

    Exec Addr    Load Addr    Size         Type   Attr      Idx    E Section Name        Object

    0x20000000   0x080039c8   0x00000008   Data   RW          230    .data..L_MergedGlobals  stm32u5xx_hal.o
    0x20000008   0x080039d0   0x00000004   Data   RW          977    .data.SystemCoreClock  system_stm32u5xx.o
    0x2000000c   0x080039d4   0x00000004   PAD
    0x20000010        -       0x00000060   Zero   RW         1073    .bss                c_w.l(libspace.o)
    0x20000070        -       0x0000000a   Zero   RW         1027    .bss..L_MergedGlobals.1  bsp_ili9341_4line.o
    0x2000007a   0x080039d4   0x00000002   PAD
    0x2000007c        -       0x00000090   Zero   RW           53    .bss.hspi1          spi.o
    0x2000010c        -       0x00000004   Zero   RW          229    .bss.uwTick         stm32u5xx_hal.o
    0x20000110        -       0x00003000   Zero   RW            2    HEAP                startup_stm32u575xx.o
    0x20003110        -       0x00003000   Zero   RW            1    STACK               startup_stm32u575xx.o


==============================================================================

Image component sizes


      Code (inc. data)   RO Data    RW Data    ZI Data      Debug   Object Name

      3060          0          0          0         10      18301   bsp_ili9341_4line.o
        76          0          0          0          0       2869   gpio.o
        34          0          0          0          0        547   icache.o
       164          0          0          0          0       2542   main.o
       286          0          0          0        144       8835   spi.o
        68         28        568          0      24576        928   startup_stm32u575xx.o
       354          0          0          8          4      12023   stm32u5xx_hal.o
       346          6          0          0          0      13695   stm32u5xx_hal_cortex.o
       550          0        128          0          0       6524   stm32u5xx_hal_gpio.o
        52          0          0          0          0       4971   stm32u5xx_hal_icache.o
        32          0          0          0          0       2176   stm32u5xx_hal_msp.o
       330          0          0          0          0      13158   stm32u5xx_hal_pwr_ex.o
      3984          8          0          0          0      14623   stm32u5xx_hal_rcc.o
      2386         36          0          0          0      22081   stm32u5xx_hal_rcc_ex.o
      1664          0          0          0          0      24164   stm32u5xx_hal_spi.o
        74          0          0          0          0       6566   stm32u5xx_hal_spi_ex.o
        20          0          0          0          0        993   stm32u5xx_it.o
        76          0         80          4          0       4280   system_stm32u5xx.o

    ----------------------------------------------------------------------
     13598         78        808         12      24740     159276   Object Totals
         0          0         32          0          0          0   (incl. Generated)
        42          0          0          0          6          0   (incl. Padding)

    ----------------------------------------------------------------------

      Code (inc. data)   RO Data    RW Data    ZI Data      Debug   Library Member Name

         8          0          0          0          0         68   __main.o
         0          0          0          0          0          0   __rtentry.o
        12          0          0          0          0          0   __rtentry2.o
         6          0          0          0          0          0   __rtentry4.o
        52          8          0          0          0          0   __scatter.o
        26          0          0          0          0          0   __scatter_copy.o
        28          0          0          0          0          0   __scatter_zi.o
        18          0          0          0          0         80   exit.o
         6          0          0          0          0        152   heapauxi.o
         0          0          0          0          0          0   indicate_semi.o
         2          0          0          0          0          0   libinit.o
         6          0          0          0          0          0   libinit2.o
         2          0          0          0          0          0   libshutdown.o
         2          0          0          0          0          0   libshutdown2.o
         8          4          0          0         96         68   libspace.o
        78          0          0          0          0         80   rt_memclr_w.o
         2          0          0          0          0          0   rtexit.o
        10          0          0          0          0          0   rtexit2.o
        12          4          0          0          0         68   sys_exit.o
        74          0          0          0          0         80   sys_stackheap_outer.o
         2          0          0          0          0         68   use_no_semi.o
        26          0          0          0          0        116   fpinit.o

    ----------------------------------------------------------------------
       386         16          0          0         96        780   Library Totals
         6          0          0          0          0          0   (incl. Padding)

    ----------------------------------------------------------------------

      Code (inc. data)   RO Data    RW Data    ZI Data      Debug   Library Name

       354         16          0          0         96        664   c_w.l
        26          0          0          0          0        116   fz_wm.l

    ----------------------------------------------------------------------
       386         16          0          0         96        780   Library Totals

    ----------------------------------------------------------------------

==============================================================================


      Code (inc. data)   RO Data    RW Data    ZI Data      Debug   

     13984         94        808         12      24836     159592   Grand Totals
     13984         94        808         12      24836     159592   ELF Image Totals
     13984         94        808         12          0          0   ROM Totals

==============================================================================

    Total RO  Size (Code + RO Data)                14792 (  14.45kB)
    Total RW  Size (RW Data + ZI Data)             24848 (  24.27kB)
    Total ROM Size (Code + RO Data + RW Data)      14804 (  14.46kB)

==============================================================================

