<html>
<body>
<pre>
<h1>µVision Build Log</h1>
<h2>Tool Versions:</h2>
IDE-Version: ¦ÌVision V5.27.1.0
Copyright (C) 2019 ARM Ltd and ARM Germany GmbH. All rights reserved.
License Information: chen longqiu, q, LIC=9WSKC-7KL9K-KPXZY-IN08Q-P91MC-BMGJE
 
Tool Versions:
Toolchain:       MDK-ARM Plus  Version: 5.27.1.0
Toolchain Path:  C:\Keil_v5\ARM\ARMCLANG\Bin
C Compiler:      ArmClang.exe V6.12
Assembler:       Armasm.exe V6.12
Linker/Locator:  ArmLink.exe V6.12
Library Manager: ArmAr.exe V6.12
Hex Converter:   FromElf.exe V6.12
CPU DLL:         
Dialog DLL:      
Target DLL:      STLink\ST-LINKIII-KEIL_SWO.dll V3.0.6.0
Dialog DLL:      TCM.DLL V1.36.1.0
 
<h2>Project:</h2>
C:\hqyj_project\lvgl_project\MDK-ARM\lvgl_project.uvprojx
Project File Date:  04/28/2025

<h2>Output:</h2>
*** Using Compiler 'V6.12', folder: 'C:\Keil_v5\ARM\ARMCLANG\Bin'
Rebuild target 'lvgl_project'
assembling startup_stm32u575xx.s...
compiling icache.c...
compiling tim.c...
compiling i2c.c...
compiling gpio.c...
compiling memorymap.c...
compiling spi.c...
compiling main.c...
compiling usart.c...
compiling stm32u5xx_it.c...
compiling stm32u5xx_hal_cortex.c...
compiling stm32u5xx_hal_msp.c...
compiling stm32u5xx_hal_i2c_ex.c...
compiling stm32u5xx_hal.c...
compiling stm32u5xx_hal_rcc.c...
compiling stm32u5xx_hal_flash.c...
compiling stm32u5xx_hal_rcc_ex.c...
compiling stm32u5xx_hal_flash_ex.c...
compiling stm32u5xx_hal_gpio.c...
compiling stm32u5xx_hal_dma.c...
compiling stm32u5xx_hal_i2c.c...
compiling stm32u5xx_hal_exti.c...
compiling stm32u5xx_hal_pwr.c...
compiling stm32u5xx_hal_gtzc.c...
compiling stm32u5xx_hal_pwr_ex.c...
compiling stm32u5xx_hal_icache.c...
compiling stm32u5xx_hal_dma_ex.c...
compiling stm32u5xx_hal_spi_ex.c...
compiling stm32u5xx_hal_spi.c...
compiling system_stm32u5xx.c...
compiling stm32u5xx_hal_uart_ex.c...
../LVGL/porting/lv_port_disp.c(20): warning: Please define or replace the macro MY_DISP_HOR_RES with the actual screen width, default value 320 is used for now. [-W#warnings]
    #warning Please define or replace the macro MY_DISP_HOR_RES with the actual screen width, default value 320 is used for now.
     ^
../LVGL/porting/lv_port_disp.c(25): warning: Please define or replace the macro MY_DISP_HOR_RES with the actual screen height, default value 240 is used for now. [-W#warnings]
    #warning Please define or replace the macro MY_DISP_HOR_RES with the actual screen height, default value 240 is used for now.
     ^
2 warnings generated.
compiling lv_port_disp.c...
compiling stm32u5xx_hal_tim_ex.c...
compiling stm32u5xx_hal_uart.c...
compiling stm32u5xx_hal_tim.c...
compiling bsp_ili9341_4line.c...
compiling lv_port_indev.c...
compiling lv_disp.c...
compiling lv_event.c...
compiling lv_group.c...
compiling lv_obj_class.c...
compiling lv_indev.c...
compiling lv_obj_draw.c...
compiling lv_indev_scroll.c...
compiling lv_obj.c...
compiling lv_obj_pos.c...
compiling lv_obj_scroll.c...
compiling lv_obj_style_gen.c...
compiling lv_obj_style.c...
compiling lv_obj_tree.c...
compiling lv_gpu_arm2d.c...
compiling lv_theme.c...
compiling lv_draw_pxp.c...
compiling lv_draw_pxp_blend.c...
compiling lv_gpu_nxp_pxp.c...
compiling lv_refr.c...
compiling lv_gpu_nxp_pxp_osa.c...
compiling lv_vglite_utils.c...
compiling lv_vglite_buf.c...
compiling lv_draw_vglite_rect.c...
compiling lv_draw_vglite_line.c...
compiling lv_draw_vglite_blend.c...
compiling lv_draw_vglite_arc.c...
compiling lv_draw_vglite.c...
compiling lv_draw_sdl.c...
compiling lv_gpu_d2_draw_label.c...
compiling lv_gpu_d2_ra6m3.c...
compiling lv_draw_sdl_arc.c...
compiling lv_draw_sdl_bg.c...
compiling lv_draw_sdl_img.c...
compiling lv_draw_sdl_composite.c...
compiling lv_draw_sdl_label.c...
compiling lv_draw_sdl_layer.c...
compiling lv_draw_sdl_mask.c...
compiling lv_draw_sdl_polygon.c...
compiling lv_draw_sdl_line.c...
compiling lv_draw_sdl_rect.c...
compiling lv_draw_sdl_texture_cache.c...
compiling lv_draw_sdl_stack_blur.c...
compiling lv_draw_sdl_utils.c...
compiling lv_gpu_stm32_dma2d.c...
compiling lv_draw_sw.c...
compiling lv_draw_sw_dither.c...
compiling lv_draw_sw_arc.c...
compiling lv_draw_sw_gradient.c...
compiling lv_draw_sw_img.c...
compiling lv_draw_sw_layer.c...
compiling lv_draw_sw_blend.c...
compiling lv_draw_sw_letter.c...
compiling lv_draw_sw_polygon.c...
compiling lv_draw_sw_line.c...
compiling lv_gpu_swm341_dma2d.c...
compiling lv_draw.c...
compiling lv_draw_sw_transform.c...
compiling lv_draw_arc.c...
compiling lv_draw_img.c...
compiling lv_draw_layer.c...
compiling lv_draw_label.c...
compiling lv_draw_sw_rect.c...
compiling lv_draw_line.c...
compiling lv_draw_rect.c...
compiling lv_draw_transform.c...
compiling lv_draw_triangle.c...
compiling lv_img_cache.c...
compiling lv_img_buf.c...
compiling lv_draw_mask.c...
compiling lv_img_decoder.c...
compiling lv_flex.c...
compiling lv_bmp.c...
compiling lv_grid.c...
compiling lv_freetype.c...
compiling lv_ffmpeg.c...
compiling lv_fs_fatfs.c...
compiling lv_fs_littlefs.c...
compiling lv_fs_posix.c...
compiling gifdec.c...
compiling lv_fs_win32.c...
compiling lv_fs_stdio.c...
compiling lv_gif.c...
compiling lv_png.c...
compiling lodepng.c...
compiling lv_qrcode.c...
compiling tjpgd.c...
compiling lv_rlottie.c...
compiling lv_sjpg.c...
compiling lv_tiny_ttf.c...
compiling lv_fragment.c...
compiling lv_fragment_manager.c...
compiling lv_gridnav.c...
compiling lv_monkey.c...
compiling lv_ime_pinyin.c...
compiling lv_msg.c...
compiling lv_imgfont.c...
compiling lv_snapshot.c...
compiling lv_theme_basic.c...
compiling qrcodegen.c...
compiling lv_animimg.c...
compiling lv_calendar_header_arrow.c...
compiling lv_theme_mono.c...
compiling lv_calendar_header_dropdown.c...
compiling lv_calendar.c...
compiling lv_theme_default.c...
compiling lv_colorwheel.c...
compiling lv_imgbtn.c...
compiling lv_list.c...
compiling lv_keyboard.c...
compiling lv_led.c...
compiling lv_menu.c...
compiling lv_chart.c...
compiling lv_meter.c...
compiling lv_msgbox.c...
compiling lv_spinner.c...
compiling lv_spinbox.c...
compiling lv_tileview.c...
compiling lv_tabview.c...
compiling lv_win.c...
compiling lv_extra.c...
compiling lv_font.c...
compiling lv_span.c...
compiling lv_font_dejavu_16_persian_hebrew.c...
compiling lv_font_fmt_txt.c...
compiling lv_font_montserrat_8.c...
compiling lv_font_montserrat_10.c...
compiling lv_font_montserrat_12.c...
compiling lv_font_montserrat_12_subpx.c...
compiling lv_font_loader.c...
compiling lv_font_montserrat_14.c...
compiling lv_font_montserrat_16.c...
compiling lv_font_montserrat_18.c...
compiling lv_font_montserrat_20.c...
compiling lv_font_montserrat_22.c...
compiling lv_font_montserrat_24.c...
compiling lv_font_montserrat_26.c...
compiling lv_font_montserrat_28.c...
compiling lv_font_montserrat_28_compressed.c...
compiling lv_font_montserrat_30.c...
compiling lv_font_montserrat_32.c...
compiling lv_font_montserrat_34.c...
compiling lv_font_montserrat_38.c...
compiling lv_font_montserrat_36.c...
compiling lv_font_montserrat_42.c...
compiling lv_font_montserrat_40.c...
compiling lv_font_montserrat_44.c...
compiling lv_font_montserrat_46.c...
compiling lv_font_montserrat_48.c...
compiling lv_font_simsun_16_cjk.c...
compiling lv_font_unscii_8.c...
compiling lv_font_unscii_16.c...
compiling lv_hal_tick.c...
compiling lv_hal_indev.c...
compiling lv_anim.c...
compiling lv_hal_disp.c...
compiling lv_anim_timeline.c...
compiling lv_async.c...
compiling lv_area.c...
compiling lv_bidi.c...
compiling lv_color.c...
compiling lv_fs.c...
compiling lv_gc.c...
compiling lv_ll.c...
compiling lv_log.c...
compiling lv_lru.c...
compiling lv_math.c...
compiling lv_templ.c...
compiling lv_mem.c...
compiling lv_printf.c...
compiling lv_style.c...
compiling lv_style_gen.c...
compiling lv_timer.c...
compiling lv_txt.c...
compiling lv_txt_ap.c...
compiling lv_utils.c...
compiling lv_tlsf.c...
compiling lv_btn.c...
compiling lv_bar.c...
compiling lv_arc.c...
compiling lv_btnmatrix.c...
compiling lv_checkbox.c...
compiling lv_canvas.c...
compiling lv_objx_templ.c...
compiling lv_img.c...
compiling lv_line.c...
compiling lv_dropdown.c...
compiling lv_label.c...
compiling lv_slider.c...
compiling lv_switch.c...
compiling lv_roller.c...
compiling ui.c...
compiling ui_helpers.c...
compiling lv_textarea.c...
compiling lv_table.c...
compiling ui_comp.c...
compiling ui_comp_alarm_comp.c...
compiling ui_comp_clock_dot.c...
compiling ui_comp_hook.c...
compiling ui_comp_small_label.c...
compiling ui_comp_scrolldots.c...
compiling ui_img_chatbox2_png.c...
compiling ui_img_pattern_png.c...
compiling ui_font_Number.c...
compiling ui_img_weather_1_png.c...
compiling ui_img_weather_3_png.c...
compiling ui_img_weather_2_png.c...
compiling ui_control1.c...
compiling ui_data.c...
compiling bsp_ft6336.c...
linking...
Program Size: Code=239844 RO-data=27012 RW-data=184 ZI-data=80480  
FromELF: creating hex file...
"lvgl_project\lvgl_project.axf" - 0 Error(s), 2 Warning(s).

<h2>Software Packages used:</h2>

Package Vendor: ARM
                http://www.keil.com/pack/ARM.CMSIS.5.5.1.pack
                ARM.CMSIS.5.5.1
                CMSIS (Cortex Microcontroller Software Interface Standard)
   * Component: CORE Version: 5.2.0

Package Vendor: Keil
                https://www.keil.com/pack/Keil.STM32U5xx_DFP.2.1.0.pack
                Keil.STM32U5xx_DFP.2.1.0
                STMicroelectronics STM32U5 Series Device Support

<h2>Collection of Component include folders:</h2>
  .\RTE\_lvgl_project
  C:\Users\80657\AppData\Local\Arm\Packs\ARM\CMSIS\5.5.1\CMSIS\Core\Include
  C:\Users\80657\AppData\Local\Arm\Packs\Keil\STM32U5xx_DFP\2.1.0\Drivers\CMSIS\Device\ST\STM32U5xx\Include

<h2>Collection of Component Files used:</h2>

   * Component: ARM::CMSIS:CORE:5.2.0
      Include file:  CMSIS\Core\Include\tz_context.h
      Source file:   CMSIS\Core\Template\ARMv8-M\main_s.c
      Source file:   CMSIS\Core\Template\ARMv8-M\tz_context.c
Build Time Elapsed:  00:00:40
</pre>
</body>
</html>
